Component: ARM Compiler 5.06 update 7 (build 960) Tool: armlink [4d3601]

==============================================================================

Section Cross References

    startup_stm32h750xx.o(RESET) refers to startup_stm32h750xx.o(STACK) for __initial_sp
    startup_stm32h750xx.o(RESET) refers to startup_stm32h750xx.o(.text) for Reset_Handler
    startup_stm32h750xx.o(RESET) refers to stm32h7xx_it.o(i.NMI_Handler) for NMI_Handler
    startup_stm32h750xx.o(RESET) refers to stm32h7xx_it.o(i.HardFault_Handler) for HardFault_Handler
    startup_stm32h750xx.o(RESET) refers to stm32h7xx_it.o(i.MemManage_Handler) for MemManage_Handler
    startup_stm32h750xx.o(RESET) refers to stm32h7xx_it.o(i.BusFault_Handler) for BusFault_Handler
    startup_stm32h750xx.o(RESET) refers to stm32h7xx_it.o(i.UsageFault_Handler) for UsageFault_Handler
    startup_stm32h750xx.o(RESET) refers to port.o(.emb_text) for SVC_Handler
    startup_stm32h750xx.o(RESET) refers to stm32h7xx_it.o(i.DebugMon_Handler) for DebugMon_Handler
    startup_stm32h750xx.o(RESET) refers to stm32h7xx_it.o(i.SysTick_Handler) for SysTick_Handler
    startup_stm32h750xx.o(RESET) refers to stm32h7xx_it.o(i.USART3_IRQHandler) for USART3_IRQHandler
    startup_stm32h750xx.o(RESET) refers to stm32h7xx_it.o(i.UART4_IRQHandler) for UART4_IRQHandler
    startup_stm32h750xx.o(RESET) refers to stm32h7xx_it.o(i.TIM6_DAC_IRQHandler) for TIM6_DAC_IRQHandler
    startup_stm32h750xx.o(.text) refers to system_stm32h7xx.o(i.ExitRun0Mode) for ExitRun0Mode
    startup_stm32h750xx.o(.text) refers to system_stm32h7xx.o(i.SystemInit) for SystemInit
    startup_stm32h750xx.o(.text) refers to entry.o(.ARM.Collect$$$$00000000) for __main
    car_attitude.o(i.Car_Attitude_Update_Input) refers to motor.o(i.Wheel_Get_V_Real) for Wheel_Get_V_Real
    car_attitude.o(i.Car_Attitude_Update_Input) refers to car_attitude.o(.bss) for .bss
    car_attitude.o(i.Car_Attitude_Update_Input) refers to imu.o(.data) for imu_g_z
    car_attitude.o(i.Car_Attitude_Update_Output) refers to pid.o(i.PID_Cal_Pos) for PID_Cal_Pos
    car_attitude.o(i.Car_Attitude_Update_Output) refers to motor.o(i.Wheel_Set_V_Real) for Wheel_Set_V_Real
    car_attitude.o(i.Car_Attitude_Update_Output) refers to car_attitude.o(.bss) for .bss
    car_attitude.o(i.Car_Attitude_Yaw_Update) refers to car_attitude.o(.bss) for .bss
    car_attitude.o(i.Car_Attitude_Yaw_Update) refers to car_control.o(.bss) for car_control
    car_attitude.o(i.Set_Car_Attitude) refers to car_attitude.o(.bss) for .bss
    car_attitude.o(i.Set_Car_Start) refers to car_attitude.o(.bss) for .bss
    car_attitude.o(i.Set_Car_Stop) refers to car_attitude.o(.bss) for .bss
    car_attitude.o(i.init_Car_Attitude) refers to pid.o(i.Set_PID_Limit) for Set_PID_Limit
    car_attitude.o(i.init_Car_Attitude) refers to pid.o(i.Set_PID) for Set_PID
    car_attitude.o(i.init_Car_Attitude) refers to car_attitude.o(.bss) for .bss
    car_control.o(i.Car_Control_Update_Input) refers to car_control.o(i.Set_Car_Control) for Set_Car_Control
    car_control.o(i.Car_Control_Update_Input) refers to car_control.o(i.get_current_distance) for get_current_distance
    car_control.o(i.Car_Control_Update_Input) refers to car_control.o(.bss) for .bss
    car_control.o(i.Car_Control_Update_Input) refers to car_attitude.o(.bss) for car_attitude
    car_control.o(i.Car_Control_Update_Output) refers to pid.o(i.PID_Cal_Pos) for PID_Cal_Pos
    car_control.o(i.Car_Control_Update_Output) refers to car_attitude.o(i.Set_Car_Attitude) for Set_Car_Attitude
    car_control.o(i.Car_Control_Update_Output) refers to car_control.o(.bss) for .bss
    car_control.o(i.Set_Car_Control) refers to asin.o(i.__hardfp_asin) for __hardfp_asin
    car_control.o(i.Set_Car_Control) refers to car_control.o(i.clear_car_control) for clear_car_control
    car_control.o(i.Set_Car_Control) refers to car_control.o(i.add_bias) for add_bias
    car_control.o(i.Set_Car_Control) refers to car_control.o(.bss) for .bss
    car_control.o(i.Set_Car_Control_Absolute) refers to car_control.o(i.clear_car_control) for clear_car_control
    car_control.o(i.Set_Car_Control_Absolute) refers to car_control.o(i.add_bias) for add_bias
    car_control.o(i.Set_Car_Control_Absolute) refers to car_control.o(.bss) for .bss
    car_control.o(i.Set_Car_Control_Absolute) refers to car_attitude.o(.bss) for car_attitude
    car_control.o(i.clear_car_control) refers to motor.o(i.Wheel_Clear_Distance) for Wheel_Clear_Distance
    car_control.o(i.clear_car_control) refers to pid.o(i.PID_Clear) for PID_Clear
    car_control.o(i.clear_car_control) refers to car_control.o(.bss) for .bss
    car_control.o(i.clear_car_control) refers to car_attitude.o(.bss) for car_attitude
    car_control.o(i.get_current_distance) refers to motor.o(i.Wheel_Get_Distance) for Wheel_Get_Distance
    car_control.o(i.get_current_distance) refers to car_control.o(.bss) for .bss
[...]
    HAL_UART_Receive_IT                      0x08004bc1   Thumb Code    66  stm32h7xx_hal_uart.o(i.HAL_UART_Receive_IT)
    HAL_UART_RxCpltCallback                  0x08004c09   Thumb Code   342  uart_fifo.o(i.HAL_UART_RxCpltCallback)
    HAL_UART_Transmit                        0x08004d91   Thumb Code   176  stm32h7xx_hal_uart.o(i.HAL_UART_Transmit)
    HAL_UART_TxCpltCallback                  0x08004e41   Thumb Code    16  uart_fifo.o(i.HAL_UART_TxCpltCallback)
    HardFault_Handler                        0x08004e75   Thumb Code     2  stm32h7xx_it.o(i.HardFault_Handler)
    IMU_AHRSupdate                           0x08004e79   Thumb Code   594  imu.o(i.IMU_AHRSupdate)
    IMU_TT_getgyro                           0x080050dd   Thumb Code    60  imu.o(i.IMU_TT_getgyro)
    IMU_getQ                                 0x0800511d   Thumb Code   106  imu.o(i.IMU_getQ)
    IMU_getValues                            0x08005199   Thumb Code   266  imu.o(i.IMU_getValues)
    IMU_getYawPitchRoll                      0x080052b9   Thumb Code   256  imu.o(i.IMU_getYawPitchRoll)
    IMU_init                                 0x080053d1   Thumb Code    72  imu.o(i.IMU_init)
    Key_StartScanTask                        0x08005435   Thumb Code    24  keyboard.o(i.Key_StartScanTask)
    MX_FREERTOS_Init                         0x08005459   Thumb Code   234  freertos.o(i.MX_FREERTOS_Init)
    MX_GPIO_Init                             0x08005585   Thumb Code   494  gpio.o(i.MX_GPIO_Init)
    MX_QUADSPI_Init                          0x0800578d   Thumb Code    52  quadspi.o(i.MX_QUADSPI_Init)
    MX_SPI2_Init                             0x080057c9   Thumb Code    80  spi.o(i.MX_SPI2_Init)
    MX_SPI4_Init                             0x08005821   Thumb Code    94  spi.o(i.MX_SPI4_Init)
    MX_TIM13_Init                            0x08005889   Thumb Code    92  tim.o(i.MX_TIM13_Init)
    MX_TIM2_Init                             0x080058ed   Thumb Code    94  tim.o(i.MX_TIM2_Init)
    MX_TIM3_Init                             0x08005951   Thumb Code    96  tim.o(i.MX_TIM3_Init)
    MX_TIM4_Init                             0x080059b9   Thumb Code    96  tim.o(i.MX_TIM4_Init)
    MX_TIM5_Init                             0x08005a21   Thumb Code    94  tim.o(i.MX_TIM5_Init)
    MX_TIM6_Init                             0x08005a89   Thumb Code    60  tim.o(i.MX_TIM6_Init)
    MX_UART4_Init                            0x08005acd   Thumb Code    94  usart.o(i.MX_UART4_Init)
    MX_UART5_Init                            0x08005b35   Thumb Code    94  usart.o(i.MX_UART5_Init)
    MX_USART1_UART_Init                      0x08005b9d   Thumb Code    94  usart.o(i.MX_USART1_UART_Init)
    MX_USART2_UART_Init                      0x08005c05   Thumb Code    92  usart.o(i.MX_USART2_UART_Init)
    MX_USART3_UART_Init                      0x08005c6d   Thumb Code    94  usart.o(i.MX_USART3_UART_Init)
    MX_USB_OTG_FS_PCD_Init                   0x08005cd5   Thumb Code    52  usb_otg.o(i.MX_USB_OTG_FS_PCD_Init)
    MemManage_Handler                        0x08005d11   Thumb Code     2  stm32h7xx_it.o(i.MemManage_Handler)
    Motor_Backward                           0x08005d13   Thumb Code    28  motor.o(i.Motor_Backward)
    Motor_Forward                            0x08005d2f   Thumb Code    28  motor.o(i.Motor_Forward)
    Motor_SetPWM                             0x08005dd1   Thumb Code    20  motor.o(i.Motor_SetPWM)
    Motor_Set_V_Enc                          0x08005de5   Thumb Code    54  motor.o(i.Motor_Set_V_Enc)
    Motor_Set_V_Real                         0x08005e35   Thumb Code    24  motor.o(i.Motor_Set_V_Real)
    Motor_Set_V_Real_All                     0x08005e55   Thumb Code    64  motor.o(i.Motor_Set_V_Real_All)
    Motor_Update_Input_All                   0x08005ee1   Thumb Code    40  motor.o(i.Motor_Update_Input_All)
    Motor_Update_Output_All                  0x08005f85   Thumb Code    36  motor.o(i.Motor_Update_Output_All)
    MusicPlayer_Init                         0x08005fad   Thumb Code     8  musicplayer.o(i.MusicPlayer_Init)
    NMI_Handler                              0x08005fb9   Thumb Code     6  stm32h7xx_it.o(i.NMI_Handler)
    OLED_Clear                               0x08005fc1   Thumb Code    72  oled_spi_v0.2.o(i.OLED_Clear)
    OLED_DrawBMP                             0x0800600d   Thumb Code    72  oled_spi_v0.2.o(i.OLED_DrawBMP)
    OLED_Init                                0x08006055   Thumb Code   294  oled_spi_v0.2.o(i.OLED_Init)
    OLED_Set_Pos                             0x08006181   Thumb Code    44  oled_spi_v0.2.o(i.OLED_Set_Pos)
    OLED_ShowChar                            0x080061ad   Thumb Code    56  oled_spi_v0.2.o(i.OLED_ShowChar)
    OLED_ShowString                          0x080061e9   Thumb Code    50  oled_spi_v0.2.o(i.OLED_ShowString)
    OLED_WR_Byte                             0x0800621d   Thumb Code    68  oled_spi_v0.2.o(i.OLED_WR_Byte)
    PID_Cal_Inc                              0x08006269   Thumb Code   114  pid.o(i.PID_Cal_Inc)
    PID_Cal_Pos                              0x080062e9   Thumb Code    82  pid.o(i.PID_Cal_Pos)
    PID_Clear                                0x0800633d   Thumb Code    18  pid.o(i.PID_Clear)
    QSPI_W25Qxx_AutoPollingMemReady          0x080064ed   Thumb Code    74  quadspi.o(i.QSPI_W25Qxx_AutoPollingMemReady)
    QSPI_W25Qxx_Init                         0x0800653d   Thumb Code    44  quadspi.o(i.QSPI_W25Qxx_Init)
    QSPI_W25Qxx_ReadID                       0x080065a5   Thumb Code    88  quadspi.o(i.QSPI_W25Qxx_ReadID)
    QSPI_W25Qxx_Reset                        0x08006601   Thumb Code    94  quadspi.o(i.QSPI_W25Qxx_Reset)
    SPI4_ReadWriteByte                       0x080068ed   Thumb Code    28  spi.o(i.SPI4_ReadWriteByte)
    Set_Car_Attitude                         0x08006a11   Thumb Code   118  car_attitude.o(i.Set_Car_Attitude)
    Set_Car_Control                          0x08006ab5   Thumb Code   318  car_control.o(i.Set_Car_Control)
    Set_PID                                  0x08006bf9   Thumb Code     6  pid.o(i.Set_PID)
    Set_PID_Limit                            0x08006bff   Thumb Code     8  pid.o(i.Set_PID_Limit)
    Set_PWM_Duty                             0x08006c09   Thumb Code    32  pwm.o(i.Set_PWM_Duty)
    SysTick_Handler                          0x08006c2d   Thumb Code    24  stm32h7xx_it.o(i.SysTick_Handler)
    SystemClock_Config                       0x08006c45   Thumb Code   164  main.o(i.SystemClock_Config)
    SystemInit                               0x08006cf1   Thumb Code   206  system_stm32h7xx.o(i.SystemInit)
    TIM6_DAC_IRQHandler                      0x08006de9   Thumb Code   134  stm32h7xx_it.o(i.TIM6_DAC_IRQHandler)
    TIM_Base_SetConfig                       0x08006e95   Thumb Code   170  stm32h7xx_hal_tim.o(i.TIM_Base_SetConfig)
    TIM_CCxChannelCmd                        0x08006f61   Thumb Code    26  stm32h7xx_hal_tim.o(i.TIM_CCxChannelCmd)
    TIM_OC2_SetConfig                        0x08007021   Thumb Code   126  stm32h7xx_hal_tim.o(i.TIM_OC2_SetConfig)
    TaskUart3Handle                          0x080072b1   Thumb Code    28  freertos.o(i.TaskUart3Handle)
    Task_9axisService                        0x080072d1   Thumb Code    42  freertos.o(i.Task_9axisService)
    Task_APP                                 0x08007309   Thumb Code    32  freertos.o(i.Task_APP)
    Task_Broadcast                           0x08007331   Thumb Code    28  freertos.o(i.Task_Broadcast)
    Task_Buzzer                              0x08007365   Thumb Code     8  freertos.o(i.Task_Buzzer)
    Task_CarAttitude                         0x0800736d   Thumb Code    46  freertos.o(i.Task_CarAttitude)
    Task_Key                                 0x0800739b   Thumb Code     8  freertos.o(i.Task_Key)
    Task_LEDBlink                            0x080073a5   Thumb Code    22  freertos.o(i.Task_LEDBlink)
    Task_Screen                              0x080073c1   Thumb Code    18  freertos.o(i.Task_Screen)
    Task_Uart4Handle                         0x080073e5   Thumb Code    28  freertos.o(i.Task_Uart4Handle)
    Task_todo                                0x08007405   Thumb Code     8  freertos.o(i.Task_todo)
    Tim_Update_Enc_Speed                     0x0800740d   Thumb Code   106  tim.o(i.Tim_Update_Enc_Speed)
    UART4_IRQHandler                         0x0800748d   Thumb Code     6  stm32h7xx_it.o(i.UART4_IRQHandler)
    UART_AdvFeatureConfig                    0x080074dd   Thumb Code   200  stm32h7xx_hal_uart.o(i.UART_AdvFeatureConfig)
    UART_CheckIdleState                      0x080075a5   Thumb Code   170  stm32h7xx_hal_uart.o(i.UART_CheckIdleState)
    UART_SetConfig                           0x08007b85   Thumb Code   876  stm32h7xx_hal_uart.o(i.UART_SetConfig)
    UART_Start_Receive_IT                    0x08007f31   Thumb Code   256  stm32h7xx_hal_uart.o(i.UART_Start_Receive_IT)
    UART_WaitOnFlagUntilTimeout              0x08008041   Thumb Code   148  stm32h7xx_hal_uart.o(i.UART_WaitOnFlagUntilTimeout)
    USART3_IRQHandler                        0x080080d5   Thumb Code     6  stm32h7xx_it.o(i.USART3_IRQHandler)
    USB_CoreInit                             0x080080e1   Thumb Code   142  stm32h7xx_ll_usb.o(i.USB_CoreInit)
    USB_DevDisconnect                        0x080081b5   Thumb Code    28  stm32h7xx_ll_usb.o(i.USB_DevDisconnect)
    USB_DevInit                              0x080081d1   Thumb Code   354  stm32h7xx_ll_usb.o(i.USB_DevInit)
    USB_DisableGlobalInt                     0x0800833d   Thumb Code    12  stm32h7xx_ll_usb.o(i.USB_DisableGlobalInt)
    USB_FlushRxFifo                          0x08008349   Thumb Code    56  stm32h7xx_ll_usb.o(i.USB_FlushRxFifo)
    USB_FlushTxFifo                          0x08008381   Thumb Code    60  stm32h7xx_ll_usb.o(i.USB_FlushTxFifo)
    USB_SetCurrentMode                       0x080083bd   Thumb Code    94  stm32h7xx_ll_usb.o(i.USB_SetCurrentMode)
    UsageFault_Handler                       0x0800841b   Thumb Code     2  stm32h7xx_it.o(i.UsageFault_Handler)
    Wheel_Clear_Distance                     0x0800841d   Thumb Code    20  motor.o(i.Wheel_Clear_Distance)
    Wheel_Get_Distance                       0x08008435   Thumb Code    38  motor.o(i.Wheel_Get_Distance)
    Wheel_Get_V_Real                         0x08008469   Thumb Code    18  motor.o(i.Wheel_Get_V_Real)
    Wheel_Set_V_Real                         0x08008481   Thumb Code    16  motor.o(i.Wheel_Set_V_Real)
    __0printf                                0x08008491   Thumb Code    22  printfa.o(i.__0printf)
    __1printf                                0x08008491   Thumb Code     0  printfa.o(i.__0printf)
    __2printf                                0x08008491   Thumb Code     0  printfa.o(i.__0printf)
    __c89printf                              0x08008491   Thumb Code     0  printfa.o(i.__0printf)
    printf                                   0x08008491   Thumb Code     0  printfa.o(i.__0printf)
    __ARM_fpclassify                         0x080084b1   Thumb Code    48  fpclassify.o(i.__ARM_fpclassify)
    __hardfp_asin                            0x08008509   Thumb Code   432  asin.o(i.__hardfp_asin)
    __hardfp_atan                            0x08008711   Thumb Code   402  atan.o(i.__hardfp_atan)
    __hardfp_atan2                           0x08008911   Thumb Code   392  atan2.o(i.__hardfp_atan2)
    __kernel_poly                            0x08008ad9   Thumb Code   112  poly.o(i.__kernel_poly)
    __mathlib_dbl_infnan                     0x08008b49   Thumb Code     6  dunder.o(i.__mathlib_dbl_infnan)
    __mathlib_dbl_infnan2                    0x08008b4f   Thumb Code     6  dunder.o(i.__mathlib_dbl_infnan2)
    __mathlib_dbl_invalid                    0x08008b59   Thumb Code    10  dunder.o(i.__mathlib_dbl_invalid)
    __mathlib_dbl_underflow                  0x08008b71   Thumb Code    10  dunder.o(i.__mathlib_dbl_underflow)
    __scatterload_copy                       0x08008b89   Thumb Code    14  handlers.o(i.__scatterload_copy)
    __scatterload_null                       0x08008b97   Thumb Code     2  handlers.o(i.__scatterload_null)
    __scatterload_zeroinit                   0x08008b99   Thumb Code    14  handlers.o(i.__scatterload_zeroinit)
    __set_errno                              0x08008ba9   Thumb Code     6  errno.o(i.__set_errno)
    atan                                     0x0800946b   Thumb Code    16  atan.o(i.atan)
    bsp_IcmGetRawData                        0x0800947d   Thumb Code   266  read_aux_data_mode.o(i.bsp_IcmGetRawData)
    calGyroVariance                          0x080095e1   Thumb Code   376  imu.o(i.calGyroVariance)
    delay_init                               0x080097fd   Thumb Code    16  delay.o(i.delay_init)
    delay_ms                                 0x08009811   Thumb Code    26  delay.o(i.delay_ms)
    delay_us                                 0x0800982d   Thumb Code    48  delay.o(i.delay_us)
    fabs                                     0x08009861   Thumb Code    24  fabs.o(i.fabs)
    fputc                                    0x08009879   Thumb Code    18  usart.o(i.fputc)
    init_Car_Attitude                        0x08009959   Thumb Code    44  car_attitude.o(i.init_Car_Attitude)
    init_Car_Contorl                         0x0800999d   Thumb Code   100  car_control.o(i.init_Car_Contorl)
    init_motor                               0x08009a1d   Thumb Code   298  motor.o(i.init_motor)
    invSqrt1                                 0x08009b75   Thumb Code    40  imu.o(i.invSqrt1)
    inv_imu_get_endianness                   0x08009ba1   Thumb Code    32  inv_imu_driver.o(i.inv_imu_get_endianness)
    inv_imu_get_register_data                0x08009bc1   Thumb Code   102  inv_imu_driver.o(i.inv_imu_get_register_data)
    inv_imu_get_who_am_i                     0x08009c27   Thumb Code    44  inv_imu_driver.o(i.inv_imu_get_who_am_i)
    inv_imu_read_reg                         0x08009c53   Thumb Code    16  inv_imu_transport.o(i.inv_imu_read_reg)
    inv_imu_select_accel_lp_clk              0x08009c63   Thumb Code    50  inv_imu_driver.o(i.inv_imu_select_accel_lp_clk)
    inv_imu_set_accel_frequency              0x08009c95   Thumb Code    46  inv_imu_driver.o(i.inv_imu_set_accel_frequency)
    inv_imu_set_accel_fsr                    0x08009cc3   Thumb Code    46  inv_imu_driver.o(i.inv_imu_set_accel_fsr)
    inv_imu_set_accel_ln_bw                  0x08009cf1   Thumb Code    50  inv_imu_driver.o(i.inv_imu_set_accel_ln_bw)
    inv_imu_set_accel_mode                   0x08009d23   Thumb Code    54  inv_imu_driver.o(i.inv_imu_set_accel_mode)
    inv_imu_set_config_int                   0x08009d59   Thumb Code   160  inv_imu_driver.o(i.inv_imu_set_config_int)
    inv_imu_set_gyro_frequency               0x08009df9   Thumb Code    46  inv_imu_driver.o(i.inv_imu_set_gyro_frequency)
    inv_imu_set_gyro_fsr                     0x08009e27   Thumb Code    46  inv_imu_driver.o(i.inv_imu_set_gyro_fsr)
    inv_imu_set_gyro_ln_bw                   0x08009e55   Thumb Code    50  inv_imu_driver.o(i.inv_imu_set_gyro_ln_bw)
    inv_imu_set_gyro_mode                    0x08009e87   Thumb Code    54  inv_imu_driver.o(i.inv_imu_set_gyro_mode)
    inv_imu_set_pin_config_int               0x08009ebd   Thumb Code    78  inv_imu_driver.o(i.inv_imu_set_pin_config_int)
    inv_imu_sleep_us                         0x08009f0b   Thumb Code    12  inv_imu_driver.o(i.inv_imu_sleep_us)
    inv_imu_soft_reset                       0x08009f17   Thumb Code   134  inv_imu_driver.o(i.inv_imu_soft_reset)
    inv_imu_write_reg                        0x08009f9d   Thumb Code    14  inv_imu_transport.o(i.inv_imu_write_reg)
    main                                     0x08009fad   Thumb Code   326  main.o(i.main)
    myabs                                    0x0800a115   Thumb Code    18  motor.o(i.myabs)
    osDelay                                  0x0800a127   Thumb Code    28  cmsis_os2.o(i.osDelay)
    osKernelInitialize                       0x0800a145   Thumb Code    32  cmsis_os2.o(i.osKernelInitialize)
    osKernelStart                            0x0800a169   Thumb Code    48  cmsis_os2.o(i.osKernelStart)
    osMessageQueueNew                        0x0800a1a1   Thumb Code    88  cmsis_os2.o(i.osMessageQueueNew)
    osSemaphoreNew                           0x0800a1f9   Thumb Code   152  cmsis_os2.o(i.osSemaphoreNew)
    osThreadNew                              0x0800a291   Thumb Code   144  cmsis_os2.o(i.osThreadNew)
    pvPortMalloc                             0x0800aab9   Thumb Code   216  heap_4.o(i.pvPortMalloc)
    pxPortInitialiseStack                    0x0800ab95   Thumb Code    42  port.o(i.pxPortInitialiseStack)
    setup_imu                                0x0800ac39   Thumb Code   560  read_aux_data_mode.o(i.setup_imu)
    si_print_error_if_any                    0x0800af11   Thumb Code    82  read_aux_data_mode.o(i.si_print_error_if_any)
    sqrt                                     0x0800b031   Thumb Code   106  sqrt.o(i.sqrt)
    uart_frame_rx_init                       0x0800b09d   Thumb Code    98  uart_fifo.o(i.uart_frame_rx_init)
    uxListRemove                             0x0800b111   Thumb Code    38  list.o(i.uxListRemove)
    vApplicationGetIdleTaskMemory            0x0800b139   Thumb Code    18  cmsis_os2.o(i.vApplicationGetIdleTaskMemory)
    vApplicationGetTimerTaskMemory           0x0800b151   Thumb Code    20  cmsis_os2.o(i.vApplicationGetTimerTaskMemory)
    vListInitialise                          0x0800b25d   Thumb Code    22  list.o(i.vListInitialise)
    vListInitialiseItem                      0x0800b273   Thumb Code     6  list.o(i.vListInitialiseItem)
    vListInsert                              0x0800b279   Thumb Code    48  list.o(i.vListInsert)
    vListInsertEnd                           0x0800b2a9   Thumb Code    24  list.o(i.vListInsertEnd)
    vPortEnterCritical                       0x0800b2c1   Thumb Code    54  port.o(i.vPortEnterCritical)
    vPortExitCritical                        0x0800b301   Thumb Code    34  port.o(i.vPortExitCritical)
    vPortFree                                0x0800b329   Thumb Code    94  heap_4.o(i.vPortFree)
    vPortSetupTimerInterrupt                 0x0800b38d   Thumb Code    32  port.o(i.vPortSetupTimerInterrupt)
    vPortValidateInterruptPriority           0x0800b3b1   Thumb Code    74  port.o(i.vPortValidateInterruptPriority)
    vQueueAddToRegistry                      0x0800b405   Thumb Code    34  queue.o(i.vQueueAddToRegistry)
    vQueueDelete                             0x0800b42d   Thumb Code    46  queue.o(i.vQueueDelete)
    vQueueUnregisterQueue                    0x0800b45d   Thumb Code    36  queue.o(i.vQueueUnregisterQueue)
    vQueueWaitForMessageRestricted           0x0800b485   Thumb Code    68  queue.o(i.vQueueWaitForMessageRestricted)
    vTaskDelay                               0x0800b4c9   Thumb Code    66  tasks.o(i.vTaskDelay)
    vTaskDelayUntil                          0x0800b515   Thumb Code   132  tasks.o(i.vTaskDelayUntil)
    vTaskDelete                              0x0800b5a1   Thumb Code   130  tasks.o(i.vTaskDelete)
    vTaskInternalSetTimeOutState             0x0800b631   Thumb Code    12  tasks.o(i.vTaskInternalSetTimeOutState)
    vTaskMissedYield                         0x0800b641   Thumb Code     8  tasks.o(i.vTaskMissedYield)
    vTaskPlaceOnEventList                    0x0800b64d   Thumb Code    44  tasks.o(i.vTaskPlaceOnEventList)
    vTaskPlaceOnEventListRestricted          0x0800b67d   Thumb Code    52  tasks.o(i.vTaskPlaceOnEventListRestricted)
    vTaskStartScheduler                      0x0800b6b5   Thumb Code   118  tasks.o(i.vTaskStartScheduler)
    vTaskSuspendAll                          0x0800b73d   Thumb Code    10  tasks.o(i.vTaskSuspendAll)
    vTaskSwitchContext                       0x0800b74d   Thumb Code    90  tasks.o(i.vTaskSwitchContext)
    xPortStartScheduler                      0x0800b831   Thumb Code   222  port.o(i.xPortStartScheduler)
    xPortSysTickHandler                      0x0800b925   Thumb Code    38  port.o(i.xPortSysTickHandler)
    xQueueCreateCountingSemaphore            0x0800b951   Thumb Code    58  queue.o(i.xQueueCreateCountingSemaphore)
    xQueueCreateCountingSemaphoreStatic      0x0800b98b   Thumb Code    64  queue.o(i.xQueueCreateCountingSemaphoreStatic)
    xQueueGenericCreate                      0x0800b9cb   Thumb Code    66  queue.o(i.xQueueGenericCreate)
    xQueueGenericCreateStatic                0x0800ba0d   Thumb Code   102  queue.o(i.xQueueGenericCreateStatic)
    xQueueGenericReset                       0x0800ba75   Thumb Code   144  queue.o(i.xQueueGenericReset)
    xQueueGenericSend                        0x0800bb09   Thumb Code   346  queue.o(i.xQueueGenericSend)
    xQueueGenericSendFromISR                 0x0800bc69   Thumb Code   190  queue.o(i.xQueueGenericSendFromISR)
    xQueueReceive                            0x0800bd29   Thumb Code   310  queue.o(i.xQueueReceive)
    xTaskCheckForTimeOut                     0x0800be65   Thumb Code   116  tasks.o(i.xTaskCheckForTimeOut)
    xTaskCreate                              0x0800bedd   Thumb Code    90  tasks.o(i.xTaskCreate)
    xTaskCreateStatic                        0x0800bf37   Thumb Code    86  tasks.o(i.xTaskCreateStatic)
    xTaskGetSchedulerState                   0x0800bf8d   Thumb Code    22  tasks.o(i.xTaskGetSchedulerState)
    xTaskGetTickCount                        0x0800bfa9   Thumb Code     6  tasks.o(i.xTaskGetTickCount)
    xTaskIncrementTick                       0x0800bfb5   Thumb Code   192  tasks.o(i.xTaskIncrementTick)
    xTaskPriorityDisinherit                  0x0800c07d   Thumb Code   116  tasks.o(i.xTaskPriorityDisinherit)
    xTaskRemoveFromEventList                 0x0800c0f9   Thumb Code   100  tasks.o(i.xTaskRemoveFromEventList)
    xTaskResumeAll                           0x0800c169   Thumb Code   184  tasks.o(i.xTaskResumeAll)
    xTimerCreateTimerTask                    0x0800c22d   Thumb Code    78  timers.o(i.xTimerCreateTimerTask)
    xTimerGenericCommand                     0x0800c28d   Thumb Code    98  timers.o(i.xTimerGenericCommand)
    Genshin                                  0x0800c2f4   Data         880  main.o(.constdata)
    F6x8                                     0x0800c664   Data         552  oled_spi_v0.2.o(.constdata)
    Hzk                                      0x0800c88c   Data        1728  oled_spi_v0.2.o(.constdata)
    LEDBlink_attributes                      0x0800cf4c   Data          36  freertos.o(.constdata)
    Broadcast_attributes                     0x0800cf70   Data          36  freertos.o(.constdata)
    Uart4Handle_attributes                   0x0800cf94   Data          36  freertos.o(.constdata)
    _9axisService_attributes                 0x0800cfb8   Data          36  freertos.o(.constdata)
    CarAttitude_attributes                   0x0800cfdc   Data          36  freertos.o(.constdata)
    Key_attributes                           0x0800d000   Data          36  freertos.o(.constdata)
    Buzzer_attributes                        0x0800d024   Data          36  freertos.o(.constdata)
    Screen_LCD_attributes                    0x0800d048   Data          36  freertos.o(.constdata)
    todo_attributes                          0x0800d06c   Data          36  freertos.o(.constdata)
    Uart3Handle_attributes                   0x0800d090   Data          36  freertos.o(.constdata)
    queue_key_attributes                     0x0800d0b4   Data          24  freertos.o(.constdata)
    semphr_buzzer_trigger_attributes         0x0800d0cc   Data          16  freertos.o(.constdata)
    semphr_uart_receive_attributes           0x0800d0dc   Data          16  freertos.o(.constdata)
    UARTPrescTable                           0x0800d13c   Data          24  stm32h7xx_hal_uart.o(.constdata)
    D1CorePrescTable                         0x0800d164   Data          16  system_stm32h7xx.o(.constdata)
    __mathlib_zero                           0x0800d260   Data           8  qnan.o(.constdata)
    Region$$Table$$Base                      0x0800d30c   Number         0  anon$$obj.o(Region$$Table)
    Region$$Table$$Limit                     0x0800d32c   Number         0  anon$$obj.o(Region$$Table)
    nowtime                                  0x24000000   Data           4  main.o(.data)
    math_pl                                  0x24000004   Data           4  main.o(.data)
    uart3_frame_queue                        0x24000008   Data           4  freertos.o(.data)
    uart4_frame_queue                        0x2400000c   Data           4  freertos.o(.data)
    LEDBlinkHandle                           0x24000010   Data           4  freertos.o(.data)
    BroadcastHandle                          0x24000014   Data           4  freertos.o(.data)
    Uart4HandleHandle                        0x24000018   Data           4  freertos.o(.data)
    _9axisServiceHandle                      0x2400001c   Data           4  freertos.o(.data)
    CarAttitudeHandle                        0x24000020   Data           4  freertos.o(.data)
    KeyHandle                                0x24000024   Data           4  freertos.o(.data)
    BuzzerHandle                             0x24000028   Data           4  freertos.o(.data)
    Screen_LCDHandle                         0x2400002c   Data           4  freertos.o(.data)
    todoHandle                               0x24000030   Data           4  freertos.o(.data)
    Uart3HandleHandle                        0x24000034   Data           4  freertos.o(.data)
    queue_keyHandle                          0x24000038   Data           4  freertos.o(.data)
    semphr_buzzer_triggerHandle              0x2400003c   Data           4  freertos.o(.data)
    semphr_uart_receiveHandle                0x24000040   Data           4  freertos.o(.data)
    CalCount                                 0x24000050   Data           4  imu.o(.data)
    exInt                                    0x24000054   Data           4  imu.o(.data)
    eyInt                                    0x24000058   Data           4  imu.o(.data)
    ezInt                                    0x2400005c   Data           4  imu.o(.data)
    q0                                       0x24000060   Data           4  imu.o(.data)
    q1                                       0x24000064   Data           4  imu.o(.data)
    q2                                       0x24000068   Data           4  imu.o(.data)
    q3                                       0x2400006c   Data           4  imu.o(.data)
    lastUpdate                               0x24000070   Data           4  imu.o(.data)
    now                                      0x24000074   Data           4  imu.o(.data)
    imu_g_z                                  0x24000078   Data           4  imu.o(.data)
    temp                                     0x2400007c   Data           4  motor.o(.data)
    wheel_left                               0x24000080   Data           4  motor.o(.data)
    wheel_right                              0x24000084   Data           4  motor.o(.data)
    pwm_counter                              0x24000088   Data           2  pwm.o(.data)
    dutyA                                    0x2400008a   Data           2  pwm.o(.data)
    dutyB                                    0x2400008c   Data           2  pwm.o(.data)
    dutyC                                    0x2400008e   Data           2  pwm.o(.data)
    dutyD                                    0x24000090   Data           2  pwm.o(.data)
    uart_rx_byte                             0x24000096   Data           1  uart_fifo.o(.data)
    uart_received_frame_length               0x24000098   Data           2  uart_fifo.o(.data)
    uart_tx_length                           0x2400009a   Data           2  uart_fifo.o(.data)
    uwTickFreq                               0x240000a8   Data           1  stm32h7xx_hal.o(.data)
    uwTickPrio                               0x240000ac   Data           4  stm32h7xx_hal.o(.data)
    uwTick                                   0x240000b0   Data           4  stm32h7xx_hal.o(.data)
    SystemCoreClock                          0x240000b4   Data           4  system_stm32h7xx.o(.data)
    SystemD2Clock                            0x240000b8   Data           4  system_stm32h7xx.o(.data)
    pxCurrentTCB                             0x240000bc   Data           4  tasks.o(.data)
    __stdout                                 0x2400013c   Data           4  stdout.o(.data)
    car_attitude                             0x24000144   Data          68  car_attitude.o(.bss)
    car_control                              0x24000188   Data         136  car_control.o(.bss)
    motion6                                  0x24000210   Data          28  main.o(.bss)
    ypr                                      0x2400022c   Data          12  main.o(.bss)
    OLED_GRAM                                0x24000238   Data        1040  oled_spi_v0.2.o(.bss)
    LEDBlinkBuffer                           0x24000648   Data         512  freertos.o(.bss)
    LEDBlinkControlBlock                     0x24000848   Data         108  freertos.o(.bss)
    BroadcastBuffer                          0x240008b4   Data        1024  freertos.o(.bss)
    BroadcastControlBlock                    0x24000cb4   Data         108  freertos.o(.bss)
    UartHandleBuffer                         0x24000d20   Data        1024  freertos.o(.bss)
    UartHandleControlBlock                   0x24001120   Data         108  freertos.o(.bss)
    _9axisServiceBuffer                      0x2400118c   Data         512  freertos.o(.bss)
    _9axisServiceControlBlock                0x2400138c   Data         108  freertos.o(.bss)
    CarAttitudeBuffer                        0x240013f8   Data         512  freertos.o(.bss)
    CarAttitudeControlBlock                  0x240015f8   Data         108  freertos.o(.bss)
    KeyBuffer                                0x24001664   Data         512  freertos.o(.bss)
    KeyControlBlock                          0x24001864   Data         108  freertos.o(.bss)
    BuzzerBuffer                             0x240018d0   Data         512  freertos.o(.bss)
    BuzzerControlBlock                       0x24001ad0   Data         108  freertos.o(.bss)
    Screen_LCDBuffer                         0x24001b3c   Data         512  freertos.o(.bss)
    Screen_LCDControlBlock                   0x24001d3c   Data         108  freertos.o(.bss)
    todoBuffer                               0x24001da8   Data        4096  freertos.o(.bss)
    todoControlBlock                         0x24002da8   Data         108  freertos.o(.bss)
    Uart3HandleBuffer                        0x24002e14   Data        1024  freertos.o(.bss)
    Uart3HandleControlBlock                  0x24003214   Data         108  freertos.o(.bss)
    gyro_offset                              0x24003280   Data          12  imu.o(.bss)
    TTangles_gyro                            0x2400328c   Data          28  imu.o(.bss)
    mygetqval                                0x24004ef8   Data          36  imu.o(.bss)
    motor_LeftFront                          0x24004f6c   Data          96  motor.o(.bss)
    motor_LeftRear                           0x24004fcc   Data          96  motor.o(.bss)
    motor_RightFront                         0x2400502c   Data          96  motor.o(.bss)
    motor_RightRear                          0x2400508c   Data          96  motor.o(.bss)
    hqspi                                    0x240050ec   Data          76  quadspi.o(.bss)
    W25Qxx_WriteBuffer_Test                  0x24005138   Data       32768  quadspi.o(.bss)
    W25Qxx_ReadBuffer_Test                   0x2400d138   Data       32768  quadspi.o(.bss)
    LCD_Buff                                 0x24015180   Data        2048  spi.o(.bss)
    LCD                                      0x24015980   Data          16  spi.o(.bss)
    hspi2                                    0x24015990   Data         136  spi.o(.bss)
    hspi4                                    0x24015a18   Data         136  spi.o(.bss)
    htim2                                    0x24015aa0   Data          76  tim.o(.bss)
    htim3                                    0x24015aec   Data          76  tim.o(.bss)
    htim4                                    0x24015b38   Data          76  tim.o(.bss)
    htim5                                    0x24015b84   Data          76  tim.o(.bss)
    htim6                                    0x24015bd0   Data          76  tim.o(.bss)
    htim13                                   0x24015c1c   Data          76  tim.o(.bss)
    uart_received_frame                      0x24015de8   Data        2048  uart_fifo.o(.bss)
    uart_tx_buffer                           0x240165e8   Data         258  uart_fifo.o(.bss)
    huart4                                   0x240166ec   Data         148  usart.o(.bss)
    huart5                                   0x24016780   Data         148  usart.o(.bss)
    huart1                                   0x24016814   Data         148  usart.o(.bss)
    huart2                                   0x240168a8   Data         148  usart.o(.bss)
    huart3                                   0x2401693c   Data         148  usart.o(.bss)
    hpcd_USB_OTG_FS                          0x240169d0   Data        1252  usb_otg.o(.bss)
    xQueueRegistry                           0x24016eb4   Data          80  queue.o(.bss)
    __initial_sp                             0x2402c3b8   Data           0  startup_stm32h750xx.o(STACK)



==============================================================================

Memory Map of the image

  Image Entry point : 0x08000299

  Load Region LR_IROM1 (Base: 0x08000000, Size: 0x0000d470, Max: 0x00020000, ABSOLUTE, COMPRESSED[0x0000d344])

    Execution Region ER_IROM1 (Exec base: 0x08000000, Load base: 0x08000000, Size: 0x0000d32c, Max: 0x00020000, ABSOLUTE)

    Exec Addr    Load Addr    Size         Type   Attr      Idx    E Section Name        Object

    0x08000000   0x08000000   0x00000298   Data   RO            3    RESET               startup_stm32h750xx.o
    0x08000298   0x08000298   0x00000000   Code   RO        10331  * .ARM.Collect$$$$00000000  mc_w.l(entry.o)
    0x08000298   0x08000298   0x00000004   Code   RO        10677    .ARM.Collect$$$$00000001  mc_w.l(entry2.o)
    0x0800029c   0x0800029c   0x00000004   Code   RO        10680    .ARM.Collect$$$$00000004  mc_w.l(entry5.o)
    0x080002a0   0x080002a0   0x00000000   Code   RO        10682    .ARM.Collect$$$$00000008  mc_w.l(entry7b.o)
    0x080002a0   0x080002a0   0x00000000   Code   RO        10684    .ARM.Collect$$$$0000000A  mc_w.l(entry8b.o)
    0x080002a0   0x080002a0   0x00000008   Code   RO        10685    .ARM.Collect$$$$0000000B  mc_w.l(entry9a.o)
    0x080002a8   0x080002a8   0x00000004   Code   RO        10692    .ARM.Collect$$$$0000000E  mc_w.l(entry12b.o)
    0x080002ac   0x080002ac   0x00000000   Code   RO        10687    .ARM.Collect$$$$0000000F  mc_w.l(entry10a.o)
    0x080002ac   0x080002ac   0x00000000   Code   RO        10689    .ARM.Collect$$$$00000011  mc_w.l(entry11a.o)
    0x080002ac   0x080002ac   0x00000004   Code   RO        10678    .ARM.Collect$$$$00002712  mc_w.l(entry2.o)
    0x080002b0   0x080002b0   0x000000be   Code   RO         9740    .emb_text           port.o
    0x0800036e   0x0800036e   0x00000002   PAD
    0x08000370   0x08000370   0x0000002c   Code   RO            4    .text               startup_stm32h750xx.o
    0x0800039c   0x0800039c   0x00000062   Code   RO        10334    .text               mc_w.l(uldiv.o)
    0x080003fe   0x080003fe   0x00000024   Code   RO        10336    .text               mc_w.l(memcpya.o)
    0x08000422   0x08000422   0x00000024   Code   RO        10340    .text               mc_w.l(memseta.o)
    0x08000446   0x08000446   0x0000000e   Code   RO        10342    .text               mc_w.l(strlen.o)
    0x08000454   0x08000454   0x0000002c   Code   RO        10694    .text               mc_w.l(uidiv.o)
    0x08000480   0x08000480   0x0000001e   Code   RO        10696    .text               mc_w.l(llshl.o)
    0x0800049e   0x0800049e   0x00000020   Code   RO        10698    .text               mc_w.l(llushr.o)
    0x080004be   0x080004be   0x00000000   Code   RO        10707    .text               mc_w.l(iusefp.o)
    0x080004be   0x080004be   0x0000014e   Code   RO        10708    .text               mf_w.l(dadd.o)
    0x0800060c   0x0800060c   0x000000e4   Code   RO        10710    .text               mf_w.l(dmul.o)
    0x080006f0   0x080006f0   0x000000de   Code   RO        10712    .text               mf_w.l(ddiv.o)
    0x080007ce   0x080007ce   0x00000030   Code   RO        10714    .text               mf_w.l(dfixul.o)
    0x080007fe   0x080007fe   0x00000002   PAD
    0x08000800   0x08000800   0x00000030   Code   RO        10716    .text               mf_w.l(cdrcmple.o)
    0x08000830   0x08000830   0x00000024   Code   RO        10720    .text               mc_w.l(init.o)
    0x08000854   0x08000854   0x00000024   Code   RO        10722    .text               mc_w.l(llsshr.o)
    0x08000878   0x08000878   0x000000ba   Code   RO        10724    .text               mf_w.l(depilogue.o)
    0x08000932   0x08000932   0x0000003a   Code   RO        10734    .text               mc_w.l(__dczerorl.o)
    0x0800096c   0x0800096c   0x00000002   Code   RO         1106    i.BusFault_Handler  stm32h7xx_it.o
    0x0800096e   0x0800096e   0x00000002   PAD
    0x08000970   0x08000970   0x00000048   Code   RO           13    i.Car_Attitude_Update_Input  car_attitude.o
    0x080009b8   0x080009b8   0x00000040   Code   RO           14    i.Car_Attitude_Update_Output  car_attitude.o
    0x080009f8   0x080009f8   0x00000070   Code   RO           15    i.Car_Attitude_Yaw_Update  car_attitude.o
    0x08000a68   0x08000a68   0x00000104   Code   RO          243    i.Car_Control_Update_Input  car_control.o
    0x08000b6c   0x08000b6c   0x000000b0   Code   RO          244    i.Car_Control_Update_Output  car_control.o
    0x08000c1c   0x08000c1c   0x00000002   Code   RO         1107    i.DebugMon_Handler  stm32h7xx_it.o
    0x08000c1e   0x08000c1e   0x00000004   Code   RO          701    i.Error_Handler     main.o
    0x08000c22   0x08000c22   0x00000002   PAD
    0x08000c24   0x08000c24   0x0000001c   Code   RO         8031    i.ExitRun0Mode      system_stm32h7xx.o
    0x08000c40   0x08000c40   0x00000360   Code   RO         3660    i.HAL_DMA_Abort     stm32h7xx_hal_dma.o
    0x08000fa0   0x08000fa0   0x00000284   Code   RO         3661    i.HAL_DMA_Abort_IT  stm32h7xx_hal_dma.o
    0x08001224   0x08001224   0x00000024   Code   RO         4369    i.HAL_Delay         stm32h7xx_hal.o
    0x08001248   0x08001248   0x0000022c   Code   RO         3508    i.HAL_GPIO_Init     stm32h7xx_hal_gpio.o
    0x08001474   0x08001474   0x0000000a   Code   RO         3510    i.HAL_GPIO_ReadPin  stm32h7xx_hal_gpio.o
    0x0800147e   0x0800147e   0x00000010   Code   RO         3511    i.HAL_GPIO_TogglePin  stm32h7xx_hal_gpio.o
    0x0800148e   0x0800148e   0x0000000a   Code   RO         3512    i.HAL_GPIO_WritePin  stm32h7xx_hal_gpio.o
    0x08001498   0x08001498   0x0000000c   Code   RO         4380    i.HAL_GetREVID      stm32h7xx_hal.o
    0x080014a4   0x080014a4   0x0000000c   Code   RO         4381    i.HAL_GetTick       stm32h7xx_hal.o
    0x080014b0   0x080014b0   0x00000010   Code   RO         4387    i.HAL_IncTick       stm32h7xx_hal.o
    0x080014c0   0x080014c0   0x0000005c   Code   RO         4388    i.HAL_Init          stm32h7xx_hal.o
    0x0800151c   0x0800151c   0x00000040   Code   RO         4389    i.HAL_InitTick      stm32h7xx_hal.o
    0x0800155c   0x0800155c   0x0000005c   Code   RO         2883    i.HAL_MPU_ConfigRegion  stm32h7xx_hal_cortex.o
    0x080015b8   0x080015b8   0x0000001c   Code   RO         2884    i.HAL_MPU_Disable   stm32h7xx_hal_cortex.o
    0x080015d4   0x080015d4   0x00000024   Code   RO         2886    i.HAL_MPU_Enable    stm32h7xx_hal_cortex.o
    0x080015f8   0x080015f8   0x00000024   Code   RO         1191    i.HAL_MspInit       stm32h7xx_hal_msp.o
    0x0800161c   0x0800161c   0x0000001a   Code   RO         2890    i.HAL_NVIC_EnableIRQ  stm32h7xx_hal_cortex.o
    0x08001636   0x08001636   0x00000002   PAD
    0x08001638   0x08001638   0x00000040   Code   RO         2896    i.HAL_NVIC_SetPriority  stm32h7xx_hal_cortex.o
    0x08001678   0x08001678   0x00000024   Code   RO         2897    i.HAL_NVIC_SetPriorityGrouping  stm32h7xx_hal_cortex.o
    0x0800169c   0x0800169c   0x00000028   Code   RO         7655    i.HAL_PCDEx_ActivateLPM  stm32h7xx_hal_pcd_ex.o
    0x080016c4   0x080016c4   0x000000cc   Code   RO         7444    i.HAL_PCD_Init      stm32h7xx_hal_pcd.o
    0x08001790   0x08001790   0x00000090   Code   RO         2841    i.HAL_PCD_MspInit   usb_otg.o
    0x08001820   0x08001820   0x00000054   Code   RO         4109    i.HAL_PWREx_ConfigSupply  stm32h7xx_hal_pwr_ex.o
    0x08001874   0x08001874   0x00000010   Code   RO         4126    i.HAL_PWREx_EnableUSBVoltageDetector  stm32h7xx_hal_pwr_ex.o
    0x08001884   0x08001884   0x000000ac   Code   RO         5275    i.HAL_QSPI_AutoPolling  stm32h7xx_hal_qspi.o
    0x08001930   0x08001930   0x00000086   Code   RO         5278    i.HAL_QSPI_Command  stm32h7xx_hal_qspi.o
    0x080019b6   0x080019b6   0x00000002   PAD
    0x080019b8   0x080019b8   0x000000ac   Code   RO         5287    i.HAL_QSPI_Init     stm32h7xx_hal_qspi.o
    0x08001a64   0x08001a64   0x00000124   Code   RO         2037    i.HAL_QSPI_MspInit  quadspi.o
    0x08001b88   0x08001b88   0x000000be   Code   RO         5291    i.HAL_QSPI_Receive  stm32h7xx_hal_qspi.o
    0x08001c46   0x08001c46   0x00000002   PAD
    0x08001c48   0x08001c48   0x00000024   Code   RO         3151    i.HAL_RCCEx_GetD3PCLK1Freq  stm32h7xx_hal_rcc_ex.o
    0x08001c6c   0x08001c6c   0x00000144   Code   RO         3153    i.HAL_RCCEx_GetPLL2ClockFreq  stm32h7xx_hal_rcc_ex.o
    0x08001db0   0x08001db0   0x00000144   Code   RO         3154    i.HAL_RCCEx_GetPLL3ClockFreq  stm32h7xx_hal_rcc_ex.o
    0x08001ef4   0x08001ef4   0x000009ac   Code   RO         3160    i.HAL_RCCEx_PeriphCLKConfig  stm32h7xx_hal_rcc_ex.o
    0x080028a0   0x080028a0   0x00000002   Code   RO         3035    i.HAL_RCC_CSSCallback  stm32h7xx_hal_rcc.o
    0x080028a2   0x080028a2   0x00000002   PAD
    0x080028a4   0x080028a4   0x0000025c   Code   RO         3036    i.HAL_RCC_ClockConfig  stm32h7xx_hal_rcc.o
    0x08002b00   0x08002b00   0x00000010   Code   RO         3039    i.HAL_RCC_EnableCSS  stm32h7xx_hal_rcc.o
    0x08002b10   0x08002b10   0x00000044   Code   RO         3041    i.HAL_RCC_GetHCLKFreq  stm32h7xx_hal_rcc.o
    0x08002b54   0x08002b54   0x00000024   Code   RO         3043    i.HAL_RCC_GetPCLK1Freq  stm32h7xx_hal_rcc.o
    0x08002b78   0x08002b78   0x00000024   Code   RO         3044    i.HAL_RCC_GetPCLK2Freq  stm32h7xx_hal_rcc.o
    0x08002b9c   0x08002b9c   0x00000138   Code   RO         3045    i.HAL_RCC_GetSysClockFreq  stm32h7xx_hal_rcc.o
    0x08002cd4   0x08002cd4   0x00000020   Code   RO         3047    i.HAL_RCC_NMI_IRQHandler  stm32h7xx_hal_rcc.o
    0x08002cf4   0x08002cf4   0x00000582   Code   RO         3048    i.HAL_RCC_OscConfig  stm32h7xx_hal_rcc.o
    0x08003276   0x08003276   0x00000006   Code   RO         5557    i.HAL_SPI_GetState  stm32h7xx_hal_spi.o
    0x0800327c   0x0800327c   0x0000017c   Code   RO         5559    i.HAL_SPI_Init      stm32h7xx_hal_spi.o
    0x080033f8   0x080033f8   0x0000018c   Code   RO         2230    i.HAL_SPI_MspInit   spi.o
    0x08003584   0x08003584   0x00000238   Code   RO         5568    i.HAL_SPI_Transmit  stm32h7xx_hal_spi.o
    0x080037bc   0x080037bc   0x00000338   Code   RO         5569    i.HAL_SPI_TransmitReceive  stm32h7xx_hal_spi.o
    0x08003af4   0x08003af4   0x00000010   Code   RO         4393    i.HAL_SYSCFG_AnalogSwitchConfig  stm32h7xx_hal.o
    0x08003b04   0x08003b04   0x00000018   Code   RO         2899    i.HAL_SYSTICK_CLKSourceConfig  stm32h7xx_hal_cortex.o
    0x08003b1c   0x08003b1c   0x00000026   Code   RO         2901    i.HAL_SYSTICK_Config  stm32h7xx_hal_cortex.o
    0x08003b42   0x08003b42   0x00000002   Code   RO         6593    i.HAL_TIMEx_Break2Callback  stm32h7xx_hal_tim_ex.o
    0x08003b44   0x08003b44   0x00000002   Code   RO         6594    i.HAL_TIMEx_BreakCallback  stm32h7xx_hal_tim_ex.o
    0x08003b46   0x08003b46   0x00000002   Code   RO         6595    i.HAL_TIMEx_CommutCallback  stm32h7xx_hal_tim_ex.o
    0x08003b48   0x08003b48   0x000000a4   Code   RO         6615    i.HAL_TIMEx_MasterConfigSynchronization  stm32h7xx_hal_tim_ex.o
    0x08003bec   0x08003bec   0x00000062   Code   RO         5879    i.HAL_TIM_Base_Init  stm32h7xx_hal_tim.o
    0x08003c4e   0x08003c4e   0x00000002   PAD
    0x08003c50   0x08003c50   0x00000054   Code   RO         2617    i.HAL_TIM_Base_MspInit  tim.o
    0x08003ca4   0x08003ca4   0x0000008c   Code   RO         5884    i.HAL_TIM_Base_Start_IT  stm32h7xx_hal_tim.o
    0x08003d30   0x08003d30   0x000000bc   Code   RO         5900    i.HAL_TIM_Encoder_Init  stm32h7xx_hal_tim.o
    0x08003dec   0x08003dec   0x00000164   Code   RO         2619    i.HAL_TIM_Encoder_MspInit  tim.o
    0x08003f50   0x08003f50   0x0000008e   Code   RO         5903    i.HAL_TIM_Encoder_Start  stm32h7xx_hal_tim.o
    0x08003fde   0x08003fde   0x00000002   Code   RO         5913    i.HAL_TIM_IC_CaptureCallback  stm32h7xx_hal_tim.o
    0x08003fe0   0x08003fe0   0x00000148   Code   RO         5927    i.HAL_TIM_IRQHandler  stm32h7xx_hal_tim.o
    0x08004128   0x08004128   0x00000054   Code   RO         2620    i.HAL_TIM_MspPostInit  tim.o
    0x0800417c   0x0800417c   0x00000002   Code   RO         5930    i.HAL_TIM_OC_DelayElapsedCallback  stm32h7xx_hal_tim.o
    0x0800417e   0x0800417e   0x00000124   Code   RO         5951    i.HAL_TIM_PWM_ConfigChannel  stm32h7xx_hal_tim.o
    0x080042a2   0x080042a2   0x00000062   Code   RO         5954    i.HAL_TIM_PWM_Init  stm32h7xx_hal_tim.o
    0x08004304   0x08004304   0x00000002   Code   RO         5956    i.HAL_TIM_PWM_MspInit  stm32h7xx_hal_tim.o
    0x08004306   0x08004306   0x00000002   Code   RO         5957    i.HAL_TIM_PWM_PulseFinishedCallback  stm32h7xx_hal_tim.o
    0x08004308   0x08004308   0x00000110   Code   RO         5959    i.HAL_TIM_PWM_Start  stm32h7xx_hal_tim.o
    0x08004418   0x08004418   0x00000002   Code   RO         5965    i.HAL_TIM_PeriodElapsedCallback  stm32h7xx_hal_tim.o
    0x0800441a   0x0800441a   0x00000002   Code   RO         5970    i.HAL_TIM_TriggerCallback  stm32h7xx_hal_tim.o
    0x0800441c   0x0800441c   0x00000040   Code   RO         7304    i.HAL_UARTEx_DisableFifoMode  stm32h7xx_hal_uart_ex.o
    0x0800445c   0x0800445c   0x00000002   Code   RO         6893    i.HAL_UARTEx_RxEventCallback  stm32h7xx_hal_uart.o
    0x0800445e   0x0800445e   0x00000002   Code   RO         7312    i.HAL_UARTEx_RxFifoFullCallback  stm32h7xx_hal_uart_ex.o
    0x08004460   0x08004460   0x0000004c   Code   RO         7313    i.HAL_UARTEx_SetRxFifoThreshold  stm32h7xx_hal_uart_ex.o
    0x080044ac   0x080044ac   0x0000004c   Code   RO         7314    i.HAL_UARTEx_SetTxFifoThreshold  stm32h7xx_hal_uart_ex.o
    0x080044f8   0x080044f8   0x00000002   Code   RO         7316    i.HAL_UARTEx_TxFifoEmptyCallback  stm32h7xx_hal_uart_ex.o
    0x080044fa   0x080044fa   0x00000002   Code   RO         7317    i.HAL_UARTEx_WakeupCallback  stm32h7xx_hal_uart_ex.o
    0x080044fc   0x080044fc   0x00000002   Code   RO         6909    i.HAL_UART_ErrorCallback  stm32h7xx_hal_uart.o
    0x080044fe   0x080044fe   0x00000002   PAD
    0x08004500   0x08004500   0x0000039c   Code   RO         6912    i.HAL_UART_IRQHandler  stm32h7xx_hal_uart.o
    0x0800489c   0x0800489c   0x0000006a   Code   RO         6913    i.HAL_UART_Init     stm32h7xx_hal_uart.o
    0x08004906   0x08004906   0x00000002   PAD
    0x08004908   0x08004908   0x000002b8   Code   RO         2769    i.HAL_UART_MspInit  usart.o
    0x08004bc0   0x08004bc0   0x00000048   Code   RO         6918    i.HAL_UART_Receive_IT  stm32h7xx_hal_uart.o
    0x08004c08   0x08004c08   0x00000188   Code   RO         2712    i.HAL_UART_RxCpltCallback  uart_fifo.o
    0x08004d90   0x08004d90   0x000000b0   Code   RO         6922    i.HAL_UART_Transmit  stm32h7xx_hal_uart.o
    0x08004e40   0x08004e40   0x00000034   Code   RO         2713    i.HAL_UART_TxCpltCallback  uart_fifo.o
    0x08004e74   0x08004e74   0x00000002   Code   RO         1108    i.HardFault_Handler  stm32h7xx_it.o
    0x08004e76   0x08004e76   0x00000002   PAD
    0x08004e78   0x08004e78   0x00000264   Code   RO         1331    i.IMU_AHRSupdate    imu.o
    0x080050dc   0x080050dc   0x00000040   Code   RO         1332    i.IMU_TT_getgyro    imu.o
    0x0800511c   0x0800511c   0x0000007c   Code   RO         1333    i.IMU_getQ          imu.o
    0x08005198   0x08005198   0x00000120   Code   RO         1334    i.IMU_getValues     imu.o
    0x080052b8   0x080052b8   0x00000118   Code   RO         1335    i.IMU_getYawPitchRoll  imu.o
    0x080053d0   0x080053d0   0x00000064   Code   RO         1336    i.IMU_init          imu.o
    0x08005434   0x08005434   0x00000024   Code   RO         1657    i.Key_StartScanTask  keyboard.o
    0x08005458   0x08005458   0x0000012c   Code   RO          974    i.MX_FREERTOS_Init  freertos.o
    0x08005584   0x08005584   0x00000208   Code   RO         1253    i.MX_GPIO_Init      gpio.o
    0x0800578c   0x0800578c   0x0000003c   Code   RO         2038    i.MX_QUADSPI_Init   quadspi.o
    0x080057c8   0x080057c8   0x00000058   Code   RO         2266    i.MX_SPI2_Init      spi.o
    0x08005820   0x08005820   0x00000068   Code   RO         2267    i.MX_SPI4_Init      spi.o
    0x08005888   0x08005888   0x00000064   Code   RO         2621    i.MX_TIM13_Init     tim.o
    0x080058ec   0x080058ec   0x00000064   Code   RO         2622    i.MX_TIM2_Init      tim.o
    0x08005950   0x08005950   0x00000068   Code   RO         2623    i.MX_TIM3_Init      tim.o
    0x080059b8   0x080059b8   0x00000068   Code   RO         2624    i.MX_TIM4_Init      tim.o
    0x08005a20   0x08005a20   0x00000068   Code   RO         2625    i.MX_TIM5_Init      tim.o
    0x08005a88   0x08005a88   0x00000044   Code   RO         2626    i.MX_TIM6_Init      tim.o
    0x08005acc   0x08005acc   0x00000068   Code   RO         2770    i.MX_UART4_Init     usart.o
    0x08005b34   0x08005b34   0x00000068   Code   RO         2771    i.MX_UART5_Init     usart.o
    0x08005b9c   0x08005b9c   0x00000068   Code   RO         2772    i.MX_USART1_UART_Init  usart.o
    0x08005c04   0x08005c04   0x00000068   Code   RO         2773    i.MX_USART2_UART_Init  usart.o
    0x08005c6c   0x08005c6c   0x00000068   Code   RO         2774    i.MX_USART3_UART_Init  usart.o
    0x08005cd4   0x08005cd4   0x0000003c   Code   RO         2842    i.MX_USB_OTG_FS_PCD_Init  usb_otg.o
    0x08005d10   0x08005d10   0x00000002   Code   RO         1109    i.MemManage_Handler  stm32h7xx_it.o
    0x08005d12   0x08005d12   0x0000001c   Code   RO         1870    i.Motor_Backward    motor.o
    0x08005d2e   0x08005d2e   0x0000001c   Code   RO         1871    i.Motor_Forward     motor.o
    0x08005d4a   0x08005d4a   0x00000002   PAD
    0x08005d4c   0x08005d4c   0x00000084   Code   RO         1872    i.Motor_Judge_Accuracy  motor.o
    0x08005dd0   0x08005dd0   0x00000014   Code   RO         1873    i.Motor_SetPWM      motor.o
    0x08005de4   0x08005de4   0x00000050   Code   RO         1874    i.Motor_Set_V_Enc   motor.o
    0x08005e34   0x08005e34   0x00000020   Code   RO         1876    i.Motor_Set_V_Real  motor.o
    0x08005e54   0x08005e54   0x00000044   Code   RO         1877    i.Motor_Set_V_Real_All  motor.o
    0x08005e98   0x08005e98   0x00000048   Code   RO         1879    i.Motor_Update_Input  motor.o
    0x08005ee0   0x08005ee0   0x0000002c   Code   RO         1880    i.Motor_Update_Input_All  motor.o
    0x08005f0c   0x08005f0c   0x00000078   Code   RO         1881    i.Motor_Update_Output  motor.o
    0x08005f84   0x08005f84   0x00000028   Code   RO         1882    i.Motor_Update_Output_All  motor.o
    0x08005fac   0x08005fac   0x0000000c   Code   RO          656    i.MusicPlayer_Init  musicplayer.o
    0x08005fb8   0x08005fb8   0x00000006   Code   RO         1110    i.NMI_Handler       stm32h7xx_it.o
    0x08005fbe   0x08005fbe   0x00000002   PAD
    0x08005fc0   0x08005fc0   0x0000004c   Code   RO          835    i.OLED_Clear        oled_spi_v0.2.o
    0x0800600c   0x0800600c   0x00000048   Code   RO          840    i.OLED_DrawBMP      oled_spi_v0.2.o
    0x08006054   0x08006054   0x0000012c   Code   RO          844    i.OLED_Init         oled_spi_v0.2.o
    0x08006180   0x08006180   0x0000002c   Code   RO          846    i.OLED_Set_Pos      oled_spi_v0.2.o
    0x080061ac   0x080061ac   0x0000003c   Code   RO          848    i.OLED_ShowChar     oled_spi_v0.2.o
    0x080061e8   0x080061e8   0x00000032   Code   RO          851    i.OLED_ShowString   oled_spi_v0.2.o
    0x0800621a   0x0800621a   0x00000002   PAD
    0x0800621c   0x0800621c   0x0000004c   Code   RO          852    i.OLED_WR_Byte      oled_spi_v0.2.o
    0x08006268   0x08006268   0x00000080   Code   RO         2577    i.PID_Cal_Inc       pid.o
    0x080062e8   0x080062e8   0x00000052   Code   RO         2578    i.PID_Cal_Pos       pid.o
    0x0800633a   0x0800633a   0x00000002   PAD
    0x0800633c   0x0800633c   0x00000018   Code   RO         2579    i.PID_Clear         pid.o
    0x08006354   0x08006354   0x00000198   Code   RO         5304    i.QSPI_Config       stm32h7xx_hal_qspi.o
    0x080064ec   0x080064ec   0x00000050   Code   RO         2039    i.QSPI_W25Qxx_AutoPollingMemReady  quadspi.o
    0x0800653c   0x0800653c   0x00000068   Code   RO         2043    i.QSPI_W25Qxx_Init  quadspi.o
    0x080065a4   0x080065a4   0x0000005c   Code   RO         2046    i.QSPI_W25Qxx_ReadID  quadspi.o
    0x08006600   0x08006600   0x00000064   Code   RO         2047    i.QSPI_W25Qxx_Reset  quadspi.o
    0x08006664   0x08006664   0x00000048   Code   RO         5309    i.QSPI_WaitFlagStateUntilTimeout  stm32h7xx_hal_qspi.o
    0x080066ac   0x080066ac   0x00000120   Code   RO         3163    i.RCCEx_PLL2_Config  stm32h7xx_hal_rcc_ex.o
    0x080067cc   0x080067cc   0x00000120   Code   RO         3164    i.RCCEx_PLL3_Config  stm32h7xx_hal_rcc_ex.o
    0x080068ec   0x080068ec   0x00000020   Code   RO         2270    i.SPI4_ReadWriteByte  spi.o
    0x0800690c   0x0800690c   0x000000bc   Code   RO         5579    i.SPI_CloseTransfer  stm32h7xx_hal_spi.o
    0x080069c8   0x080069c8   0x00000046   Code   RO         5596    i.SPI_WaitOnFlagUntilTimeout  stm32h7xx_hal_spi.o
    0x08006a0e   0x08006a0e   0x00000002   PAD
    0x08006a10   0x08006a10   0x000000a4   Code   RO           16    i.Set_Car_Attitude  car_attitude.o
    0x08006ab4   0x08006ab4   0x00000144   Code   RO          245    i.Set_Car_Control   car_control.o
    0x08006bf8   0x08006bf8   0x00000006   Code   RO         2580    i.Set_PID           pid.o
    0x08006bfe   0x08006bfe   0x00000008   Code   RO         2581    i.Set_PID_Limit     pid.o
    0x08006c06   0x08006c06   0x00000002   PAD
    0x08006c08   0x08006c08   0x00000024   Code   RO         2008    i.Set_PWM_Duty      pwm.o
    0x08006c2c   0x08006c2c   0x00000018   Code   RO         1111    i.SysTick_Handler   stm32h7xx_it.o
    0x08006c44   0x08006c44   0x000000ac   Code   RO          702    i.SystemClock_Config  main.o
    0x08006cf0   0x08006cf0   0x000000f8   Code   RO         8033    i.SystemInit        system_stm32h7xx.o
    0x08006de8   0x08006de8   0x000000ac   Code   RO         1112    i.TIM6_DAC_IRQHandler  stm32h7xx_it.o
    0x08006e94   0x08006e94   0x000000cc   Code   RO         5972    i.TIM_Base_SetConfig  stm32h7xx_hal_tim.o
    0x08006f60   0x08006f60   0x0000001a   Code   RO         5973    i.TIM_CCxChannelCmd  stm32h7xx_hal_tim.o
    0x08006f7a   0x08006f7a   0x00000002   PAD
    0x08006f7c   0x08006f7c   0x000000a4   Code   RO         5985    i.TIM_OC1_SetConfig  stm32h7xx_hal_tim.o
    0x08007020   0x08007020   0x00000098   Code   RO         5986    i.TIM_OC2_SetConfig  stm32h7xx_hal_tim.o
    0x080070b8   0x080070b8   0x00000098   Code   RO         5987    i.TIM_OC3_SetConfig  stm32h7xx_hal_tim.o
    0x08007150   0x08007150   0x00000078   Code   RO         5988    i.TIM_OC4_SetConfig  stm32h7xx_hal_tim.o
    0x080071c8   0x080071c8   0x00000074   Code   RO         5989    i.TIM_OC5_SetConfig  stm32h7xx_hal_tim.o
    0x0800723c   0x0800723c   0x00000074   Code   RO         5990    i.TIM_OC6_SetConfig  stm32h7xx_hal_tim.o
    0x080072b0   0x080072b0   0x00000020   Code   RO          975    i.TaskUart3Handle   freertos.o
    0x080072d0   0x080072d0   0x00000038   Code   RO          976    i.Task_9axisService  freertos.o
    0x08007308   0x08007308   0x00000028   Code   RO          977    i.Task_APP          freertos.o
    0x08007330   0x08007330   0x00000034   Code   RO          978    i.Task_Broadcast    freertos.o
    0x08007364   0x08007364   0x00000008   Code   RO          979    i.Task_Buzzer       freertos.o
    0x0800736c   0x0800736c   0x0000002e   Code   RO          980    i.Task_CarAttitude  freertos.o
    0x0800739a   0x0800739a   0x00000008   Code   RO          981    i.Task_Key          freertos.o
    0x080073a2   0x080073a2   0x00000002   PAD
    0x080073a4   0x080073a4   0x0000001c   Code   RO          982    i.Task_LEDBlink     freertos.o
    0x080073c0   0x080073c0   0x00000024   Code   RO          983    i.Task_Screen       freertos.o
    0x080073e4   0x080073e4   0x00000020   Code   RO          984    i.Task_Uart4Handle  freertos.o
    0x08007404   0x08007404   0x00000008   Code   RO          985    i.Task_todo         freertos.o
    0x0800740c   0x0800740c   0x00000080   Code   RO         2627    i.Tim_Update_Enc_Speed  tim.o
    0x0800748c   0x0800748c   0x0000000c   Code   RO         1113    i.UART4_IRQHandler  stm32h7xx_it.o
    0x08007498   0x08007498   0x00000044   Code   RO         7318    i.UARTEx_SetNbDataToProcess  stm32h7xx_hal_uart_ex.o
    0x080074dc   0x080074dc   0x000000c8   Code   RO         6927    i.UART_AdvFeatureConfig  stm32h7xx_hal_uart.o
    0x080075a4   0x080075a4   0x000000aa   Code   RO         6928    i.UART_CheckIdleState  stm32h7xx_hal_uart.o
    0x0800764e   0x0800764e   0x00000010   Code   RO         6929    i.UART_DMAAbortOnError  stm32h7xx_hal_uart.o
    0x0800765e   0x0800765e   0x00000002   PAD
    0x08007660   0x08007660   0x00000054   Code   RO         6939    i.UART_EndRxTransfer  stm32h7xx_hal_uart.o
    0x080076b4   0x080076b4   0x000000c8   Code   RO         6941    i.UART_RxISR_16BIT  stm32h7xx_hal_uart.o
    0x0800777c   0x0800777c   0x000001a0   Code   RO         6942    i.UART_RxISR_16BIT_FIFOEN  stm32h7xx_hal_uart.o
    0x0800791c   0x0800791c   0x000000c8   Code   RO         6943    i.UART_RxISR_8BIT   stm32h7xx_hal_uart.o
    0x080079e4   0x080079e4   0x000001a0   Code   RO         6944    i.UART_RxISR_8BIT_FIFOEN  stm32h7xx_hal_uart.o
    0x08007b84   0x08007b84   0x000003ac   Code   RO         6945    i.UART_SetConfig    stm32h7xx_hal_uart.o
    0x08007f30   0x08007f30   0x00000110   Code   RO         6947    i.UART_Start_Receive_IT  stm32h7xx_hal_uart.o
    0x08008040   0x08008040   0x00000094   Code   RO         6952    i.UART_WaitOnFlagUntilTimeout  stm32h7xx_hal_uart.o
    0x080080d4   0x080080d4   0x0000000c   Code   RO         1114    i.USART3_IRQHandler  stm32h7xx_it.o
    0x080080e0   0x080080e0   0x00000098   Code   RO         7731    i.USB_CoreInit      stm32h7xx_ll_usb.o
    0x08008178   0x08008178   0x0000003c   Code   RO         7732    i.USB_CoreReset     stm32h7xx_ll_usb.o
    0x080081b4   0x080081b4   0x0000001c   Code   RO         7737    i.USB_DevDisconnect  stm32h7xx_ll_usb.o
    0x080081d0   0x080081d0   0x0000016c   Code   RO         7738    i.USB_DevInit       stm32h7xx_ll_usb.o
    0x0800833c   0x0800833c   0x0000000c   Code   RO         7739    i.USB_DisableGlobalInt  stm32h7xx_ll_usb.o
    0x08008348   0x08008348   0x00000038   Code   RO         7748    i.USB_FlushRxFifo   stm32h7xx_ll_usb.o
    0x08008380   0x08008380   0x0000003c   Code   RO         7749    i.USB_FlushTxFifo   stm32h7xx_ll_usb.o
    0x080083bc   0x080083bc   0x0000005e   Code   RO         7768    i.USB_SetCurrentMode  stm32h7xx_ll_usb.o
    0x0800841a   0x0800841a   0x00000002   Code   RO         1115    i.UsageFault_Handler  stm32h7xx_it.o
    0x0800841c   0x0800841c   0x00000018   Code   RO         1883    i.Wheel_Clear_Distance  motor.o
    0x08008434   0x08008434   0x00000034   Code   RO         1884    i.Wheel_Get_Distance  motor.o
    0x08008468   0x08008468   0x00000018   Code   RO         1885    i.Wheel_Get_V_Real  motor.o
    0x08008480   0x08008480   0x00000010   Code   RO         1886    i.Wheel_Set_V_Real  motor.o
    0x08008490   0x08008490   0x00000020   Code   RO        10579    i.__0printf         mc_w.l(printfa.o)
    0x080084b0   0x080084b0   0x00000030   Code   RO        10630    i.__ARM_fpclassify  m_wv.l(fpclassify.o)
    0x080084e0   0x080084e0   0x00000022   Code   RO         2903    i.__NVIC_SetPriority  stm32h7xx_hal_cortex.o
    0x08008502   0x08008502   0x00000006   PAD
    0x08008508   0x08008508   0x00000208   Code   RO        10205    i.__hardfp_asin     m_wv.l(asin.o)
    0x08008710   0x08008710   0x00000200   Code   RO        10219    i.__hardfp_atan     m_wv.l(atan.o)
    0x08008910   0x08008910   0x000001c8   Code   RO        10233    i.__hardfp_atan2    m_wv.l(atan2.o)
    0x08008ad8   0x08008ad8   0x00000070   Code   RO        10648    i.__kernel_poly     m_wv.l(poly.o)
    0x08008b48   0x08008b48   0x00000006   Code   RO        10611    i.__mathlib_dbl_infnan  m_wv.l(dunder.o)
    0x08008b4e   0x08008b4e   0x00000006   Code   RO        10612    i.__mathlib_dbl_infnan2  m_wv.l(dunder.o)
    0x08008b54   0x08008b54   0x00000004   PAD
    0x08008b58   0x08008b58   0x00000018   Code   RO        10613    i.__mathlib_dbl_invalid  m_wv.l(dunder.o)
    0x08008b70   0x08008b70   0x00000018   Code   RO        10616    i.__mathlib_dbl_underflow  m_wv.l(dunder.o)
    0x08008b88   0x08008b88   0x0000000e   Code   RO        10728    i.__scatterload_copy  mc_w.l(handlers.o)
    0x08008b96   0x08008b96   0x00000002   Code   RO        10729    i.__scatterload_null  mc_w.l(handlers.o)
    0x08008b98   0x08008b98   0x0000000e   Code   RO        10730    i.__scatterload_zeroinit  mc_w.l(handlers.o)
    0x08008ba6   0x08008ba6   0x00000002   PAD
    0x08008ba8   0x08008ba8   0x0000000c   Code   RO        10702    i.__set_errno       mc_w.l(errno.o)
    0x08008bb4   0x08008bb4   0x00000184   Code   RO        10586    i._fp_digits        mc_w.l(printfa.o)
    0x08008d38   0x08008d38   0x000006b4   Code   RO        10587    i._printf_core      mc_w.l(printfa.o)
    0x080093ec   0x080093ec   0x00000024   Code   RO        10588    i._printf_post_padding  mc_w.l(printfa.o)
    0x08009410   0x08009410   0x0000002e   Code   RO        10589    i._printf_pre_padding  mc_w.l(printfa.o)
    0x0800943e   0x0800943e   0x0000002c   Code   RO          247    i.add_bias          car_control.o
    0x0800946a   0x0800946a   0x00000010   Code   RO        10221    i.atan              m_wv.l(atan.o)
    0x0800947a   0x0800947a   0x00000002   PAD
    0x0800947c   0x0800947c   0x00000164   Code   RO         2164    i.bsp_IcmGetRawData  read_aux_data_mode.o
    0x080095e0   0x080095e0   0x0000018c   Code   RO         1338    i.calGyroVariance   imu.o
    0x0800976c   0x0800976c   0x00000052   Code   RO         1599    i.check_out_of_bounds_mreg  inv_imu_transport.o
    0x080097be   0x080097be   0x00000002   PAD
    0x080097c0   0x080097c0   0x0000003c   Code   RO          248    i.clear_car_control  car_control.o
    0x080097fc   0x080097fc   0x00000014   Code   RO         1215    i.delay_init        delay.o
    0x08009810   0x08009810   0x0000001a   Code   RO         1216    i.delay_ms          delay.o
    0x0800982a   0x0800982a   0x00000002   PAD
    0x0800982c   0x0800982c   0x00000034   Code   RO         1217    i.delay_us          delay.o
    0x08009860   0x08009860   0x00000018   Code   RO        10626    i.fabs              m_wv.l(fabs.o)
    0x08009878   0x08009878   0x00000018   Code   RO         2775    i.fputc             usart.o
    0x08009890   0x08009890   0x00000034   Code   RO          249    i.get_current_distance  car_control.o
    0x080098c4   0x080098c4   0x00000044   Code   RO         2165    i.icm45686_read_regs  read_aux_data_mode.o
    0x08009908   0x08009908   0x00000050   Code   RO         2166    i.icm45686_write_regs  read_aux_data_mode.o
    0x08009958   0x08009958   0x00000044   Code   RO           19    i.init_Car_Attitude  car_attitude.o
    0x0800999c   0x0800999c   0x00000080   Code   RO          250    i.init_Car_Contorl  car_control.o
    0x08009a1c   0x08009a1c   0x00000158   Code   RO         1888    i.init_motor        motor.o
    0x08009b74   0x08009b74   0x0000002c   Code   RO         1339    i.invSqrt1          imu.o
    0x08009ba0   0x08009ba0   0x00000020   Code   RO         1434    i.inv_imu_get_endianness  inv_imu_driver.o
    0x08009bc0   0x08009bc0   0x00000066   Code   RO         1439    i.inv_imu_get_register_data  inv_imu_driver.o
    0x08009c26   0x08009c26   0x0000002c   Code   RO         1441    i.inv_imu_get_who_am_i  inv_imu_driver.o
    0x08009c52   0x08009c52   0x00000010   Code   RO         1600    i.inv_imu_read_reg  inv_imu_transport.o
    0x08009c62   0x08009c62   0x00000032   Code   RO         1442    i.inv_imu_select_accel_lp_clk  inv_imu_driver.o
    0x08009c94   0x08009c94   0x0000002e   Code   RO         1443    i.inv_imu_set_accel_frequency  inv_imu_driver.o
    0x08009cc2   0x08009cc2   0x0000002e   Code   RO         1444    i.inv_imu_set_accel_fsr  inv_imu_driver.o
    0x08009cf0   0x08009cf0   0x00000032   Code   RO         1445    i.inv_imu_set_accel_ln_bw  inv_imu_driver.o
    0x08009d22   0x08009d22   0x00000036   Code   RO         1447    i.inv_imu_set_accel_mode  inv_imu_driver.o
    0x08009d58   0x08009d58   0x000000a0   Code   RO         1448    i.inv_imu_set_config_int  inv_imu_driver.o
    0x08009df8   0x08009df8   0x0000002e   Code   RO         1450    i.inv_imu_set_gyro_frequency  inv_imu_driver.o
    0x08009e26   0x08009e26   0x0000002e   Code   RO         1451    i.inv_imu_set_gyro_fsr  inv_imu_driver.o
    0x08009e54   0x08009e54   0x00000032   Code   RO         1452    i.inv_imu_set_gyro_ln_bw  inv_imu_driver.o
    0x08009e86   0x08009e86   0x00000036   Code   RO         1454    i.inv_imu_set_gyro_mode  inv_imu_driver.o
    0x08009ebc   0x08009ebc   0x0000004e   Code   RO         1455    i.inv_imu_set_pin_config_int  inv_imu_driver.o
    0x08009f0a   0x08009f0a   0x0000000c   Code   RO         1456    i.inv_imu_sleep_us  inv_imu_driver.o
    0x08009f16   0x08009f16   0x00000086   Code   RO         1457    i.inv_imu_soft_reset  inv_imu_driver.o
    0x08009f9c   0x08009f9c   0x0000000e   Code   RO         1602    i.inv_imu_write_reg  inv_imu_transport.o
    0x08009faa   0x08009faa   0x00000002   PAD
    0x08009fac   0x08009fac   0x00000168   Code   RO          706    i.main              main.o
    0x0800a114   0x0800a114   0x00000012   Code   RO         1889    i.myabs             motor.o
    0x0800a126   0x0800a126   0x0000001c   Code   RO         9179    i.osDelay           cmsis_os2.o
    0x0800a142   0x0800a142   0x00000002   PAD
    0x0800a144   0x0800a144   0x00000024   Code   RO         9193    i.osKernelInitialize  cmsis_os2.o
    0x0800a168   0x0800a168   0x00000038   Code   RO         9196    i.osKernelStart     cmsis_os2.o
    0x0800a1a0   0x0800a1a0   0x00000058   Code   RO         9213    i.osMessageQueueNew  cmsis_os2.o
    0x0800a1f8   0x0800a1f8   0x00000098   Code   RO         9224    i.osSemaphoreNew    cmsis_os2.o
    0x0800a290   0x0800a290   0x00000090   Code   RO         9238    i.osThreadNew       cmsis_os2.o
    0x0800a320   0x0800a320   0x0000005c   Code   RO         8642    i.prvAddCurrentTaskToDelayedList  tasks.o
    0x0800a37c   0x0800a37c   0x000000d0   Code   RO         8643    i.prvAddNewTaskToReadyList  tasks.o
    0x0800a44c   0x0800a44c   0x00000058   Code   RO         9007    i.prvCheckForValidListAndQueue  timers.o
    0x0800a4a4   0x0800a4a4   0x00000026   Code   RO         8242    i.prvCopyDataFromQueue  queue.o
    0x0800a4ca   0x0800a4ca   0x0000006c   Code   RO         8243    i.prvCopyDataToQueue  queue.o
    0x0800a536   0x0800a536   0x00000034   Code   RO         8644    i.prvDeleteTCB      tasks.o
    0x0800a56a   0x0800a56a   0x00000002   PAD
    0x0800a56c   0x0800a56c   0x00000050   Code   RO         9685    i.prvHeapInit       heap_4.o
    0x0800a5bc   0x0800a5bc   0x00000060   Code   RO         8645    i.prvIdleTask       tasks.o
    0x0800a61c   0x0800a61c   0x00000022   Code   RO         8245    i.prvInitialiseNewQueue  queue.o
    0x0800a63e   0x0800a63e   0x000000b0   Code   RO         8646    i.prvInitialiseNewTask  tasks.o
    0x0800a6ee   0x0800a6ee   0x00000002   PAD
    0x0800a6f0   0x0800a6f0   0x0000004c   Code   RO         9686    i.prvInsertBlockIntoFreeList  heap_4.o
    0x0800a73c   0x0800a73c   0x0000003c   Code   RO         9009    i.prvInsertTimerInActiveList  timers.o
    0x0800a778   0x0800a778   0x0000001c   Code   RO         8246    i.prvIsQueueEmpty   queue.o
    0x0800a794   0x0800a794   0x000000f8   Code   RO         9010    i.prvProcessReceivedCommands  timers.o
    0x0800a88c   0x0800a88c   0x000000c0   Code   RO         9011    i.prvProcessTimerOrBlockTask  timers.o
    0x0800a94c   0x0800a94c   0x00000020   Code   RO         8648    i.prvResetNextTaskUnblockTime  tasks.o
    0x0800a96c   0x0800a96c   0x00000028   Code   RO         9012    i.prvSampleTimeNow  timers.o
    0x0800a994   0x0800a994   0x0000006c   Code   RO         9013    i.prvSwitchTimerLists  timers.o
    0x0800aa00   0x0800aa00   0x00000028   Code   RO         9741    i.prvTaskExitError  port.o
    0x0800aa28   0x0800aa28   0x00000024   Code   RO         9014    i.prvTimerTask      timers.o
    0x0800aa4c   0x0800aa4c   0x0000006a   Code   RO         8247    i.prvUnlockQueue    queue.o
    0x0800aab6   0x0800aab6   0x00000002   PAD
    0x0800aab8   0x0800aab8   0x000000dc   Code   RO         9687    i.pvPortMalloc      heap_4.o
    0x0800ab94   0x0800ab94   0x00000030   Code   RO         9742    i.pxPortInitialiseStack  port.o
    0x0800abc4   0x0800abc4   0x00000016   Code   RO         1604    i.read_dreg         inv_imu_transport.o
    0x0800abda   0x0800abda   0x0000005e   Code   RO         1605    i.read_mreg         inv_imu_transport.o
    0x0800ac38   0x0800ac38   0x000002d8   Code   RO         2167    i.setup_imu         read_aux_data_mode.o
    0x0800af10   0x0800af10   0x00000120   Code   RO         2168    i.si_print_error_if_any  read_aux_data_mode.o
    0x0800b030   0x0800b030   0x0000006a   Code   RO        10667    i.sqrt              m_wv.l(sqrt.o)
    0x0800b09a   0x0800b09a   0x00000002   PAD
    0x0800b09c   0x0800b09c   0x00000074   Code   RO         2716    i.uart_frame_rx_init  uart_fifo.o
    0x0800b110   0x0800b110   0x00000026   Code   RO         8202    i.uxListRemove      list.o
    0x0800b136   0x0800b136   0x00000002   PAD
    0x0800b138   0x0800b138   0x00000018   Code   RO         9250    i.vApplicationGetIdleTaskMemory  cmsis_os2.o
    0x0800b150   0x0800b150   0x00000018   Code   RO         9251    i.vApplicationGetTimerTaskMemory  cmsis_os2.o
    0x0800b168   0x0800b168   0x000000f4   Code   RO         1660    i.vKeyScanTask      keyboard.o
    0x0800b25c   0x0800b25c   0x00000016   Code   RO         8203    i.vListInitialise   list.o
    0x0800b272   0x0800b272   0x00000006   Code   RO         8204    i.vListInitialiseItem  list.o
    0x0800b278   0x0800b278   0x00000030   Code   RO         8205    i.vListInsert       list.o
    0x0800b2a8   0x0800b2a8   0x00000018   Code   RO         8206    i.vListInsertEnd    list.o
    0x0800b2c0   0x0800b2c0   0x00000040   Code   RO         9744    i.vPortEnterCritical  port.o
    0x0800b300   0x0800b300   0x00000028   Code   RO         9745    i.vPortExitCritical  port.o
    0x0800b328   0x0800b328   0x00000064   Code   RO         9688    i.vPortFree         heap_4.o
    0x0800b38c   0x0800b38c   0x00000024   Code   RO         9746    i.vPortSetupTimerInterrupt  port.o
    0x0800b3b0   0x0800b3b0   0x00000054   Code   RO         9747    i.vPortValidateInterruptPriority  port.o
    0x0800b404   0x0800b404   0x00000028   Code   RO         8253    i.vQueueAddToRegistry  queue.o
    0x0800b42c   0x0800b42c   0x0000002e   Code   RO         8254    i.vQueueDelete      queue.o
    0x0800b45a   0x0800b45a   0x00000002   PAD
    0x0800b45c   0x0800b45c   0x00000028   Code   RO         8256    i.vQueueUnregisterQueue  queue.o
    0x0800b484   0x0800b484   0x00000044   Code   RO         8257    i.vQueueWaitForMessageRestricted  queue.o
    0x0800b4c8   0x0800b4c8   0x0000004c   Code   RO         8661    i.vTaskDelay        tasks.o
    0x0800b514   0x0800b514   0x0000008c   Code   RO         8662    i.vTaskDelayUntil   tasks.o
    0x0800b5a0   0x0800b5a0   0x00000090   Code   RO         8663    i.vTaskDelete       tasks.o
    0x0800b630   0x0800b630   0x00000010   Code   RO         8666    i.vTaskInternalSetTimeOutState  tasks.o
    0x0800b640   0x0800b640   0x0000000c   Code   RO         8667    i.vTaskMissedYield  tasks.o
    0x0800b64c   0x0800b64c   0x00000030   Code   RO         8669    i.vTaskPlaceOnEventList  tasks.o
    0x0800b67c   0x0800b67c   0x00000038   Code   RO         8670    i.vTaskPlaceOnEventListRestricted  tasks.o
    0x0800b6b4   0x0800b6b4   0x00000088   Code   RO         8678    i.vTaskStartScheduler  tasks.o
    0x0800b73c   0x0800b73c   0x00000010   Code   RO         8680    i.vTaskSuspendAll   tasks.o
    0x0800b74c   0x0800b74c   0x00000064   Code   RO         8681    i.vTaskSwitchContext  tasks.o
    0x0800b7b0   0x0800b7b0   0x00000016   Code   RO         1606    i.write_dreg        inv_imu_transport.o
    0x0800b7c6   0x0800b7c6   0x0000006a   Code   RO         1607    i.write_mreg        inv_imu_transport.o
    0x0800b830   0x0800b830   0x000000f4   Code   RO         9748    i.xPortStartScheduler  port.o
    0x0800b924   0x0800b924   0x0000002c   Code   RO         9749    i.xPortSysTickHandler  port.o
    0x0800b950   0x0800b950   0x0000003a   Code   RO         8258    i.xQueueCreateCountingSemaphore  queue.o
    0x0800b98a   0x0800b98a   0x00000040   Code   RO         8259    i.xQueueCreateCountingSemaphoreStatic  queue.o
    0x0800b9ca   0x0800b9ca   0x00000042   Code   RO         8262    i.xQueueGenericCreate  queue.o
    0x0800ba0c   0x0800ba0c   0x00000066   Code   RO         8263    i.xQueueGenericCreateStatic  queue.o
    0x0800ba72   0x0800ba72   0x00000002   PAD
    0x0800ba74   0x0800ba74   0x00000094   Code   RO         8264    i.xQueueGenericReset  queue.o
    0x0800bb08   0x0800bb08   0x00000160   Code   RO         8265    i.xQueueGenericSend  queue.o
    0x0800bc68   0x0800bc68   0x000000be   Code   RO         8266    i.xQueueGenericSendFromISR  queue.o
    0x0800bd26   0x0800bd26   0x00000002   PAD
    0x0800bd28   0x0800bd28   0x0000013c   Code   RO         8275    i.xQueueReceive     queue.o
    0x0800be64   0x0800be64   0x00000078   Code   RO         8683    i.xTaskCheckForTimeOut  tasks.o
    0x0800bedc   0x0800bedc   0x0000005a   Code   RO         8684    i.xTaskCreate       tasks.o
    0x0800bf36   0x0800bf36   0x00000056   Code   RO         8685    i.xTaskCreateStatic  tasks.o
    0x0800bf8c   0x0800bf8c   0x0000001c   Code   RO         8689    i.xTaskGetSchedulerState  tasks.o
    0x0800bfa8   0x0800bfa8   0x0000000c   Code   RO         8690    i.xTaskGetTickCount  tasks.o
    0x0800bfb4   0x0800bfb4   0x000000c8   Code   RO         8692    i.xTaskIncrementTick  tasks.o
    0x0800c07c   0x0800c07c   0x0000007c   Code   RO         8695    i.xTaskPriorityDisinherit  tasks.o
    0x0800c0f8   0x0800c0f8   0x00000070   Code   RO         8697    i.xTaskRemoveFromEventList  tasks.o
    0x0800c168   0x0800c168   0x000000c4   Code   RO         8698    i.xTaskResumeAll    tasks.o
    0x0800c22c   0x0800c22c   0x00000060   Code   RO         9023    i.xTimerCreateTimerTask  timers.o
    0x0800c28c   0x0800c28c   0x00000068   Code   RO         9024    i.xTimerGenericCommand  timers.o
    0x0800c2f4   0x0800c2f4   0x00000370   Data   RO          709    .constdata          main.o
    0x0800c664   0x0800c664   0x000008e8   Data   RO          855    .constdata          oled_spi_v0.2.o
    0x0800cf4c   0x0800cf4c   0x000001a0   Data   RO         1006    .constdata          freertos.o
    0x0800d0ec   0x0800d0ec   0x00000050   Data   RO         1662    .constdata          keyboard.o
    0x0800d13c   0x0800d13c   0x00000018   Data   RO         6953    .constdata          stm32h7xx_hal_uart.o
    0x0800d154   0x0800d154   0x00000010   Data   RO         7319    .constdata          stm32h7xx_hal_uart_ex.o
    0x0800d164   0x0800d164   0x00000010   Data   RO         8034    .constdata          system_stm32h7xx.o
    0x0800d174   0x0800d174   0x00000004   PAD
    0x0800d178   0x0800d178   0x00000050   Data   RO        10208    .constdata          m_wv.l(asin.o)
    0x0800d1c8   0x0800d1c8   0x00000098   Data   RO        10222    .constdata          m_wv.l(atan.o)
    0x0800d260   0x0800d260   0x00000008   Data   RO        10650    .constdata          m_wv.l(qnan.o)
    0x0800d268   0x0800d268   0x000000a2   Data   RO         1007    .conststring        freertos.o
    0x0800d30a   0x0800d30a   0x00000002   PAD
    0x0800d30c   0x0800d30c   0x00000020   Data   RO        10726    Region$$Table       anon$$obj.o


    Execution Region RW_IRAM1 (Exec base: 0x20000000, Load base: 0x0800d32c, Size: 0x00000000, Max: 0x00020000, ABSOLUTE)

    **** No section assigned to this execution region ****


    Execution Region RW_IRAM2 (Exec base: 0x24000000, Load base: 0x0800d32c, Size: 0x0002c3b8, Max: 0x00080000, ABSOLUTE, COMPRESSED[0x00000018])

    Exec Addr    Load Addr    Size         Type   Attr      Idx    E Section Name        Object

    0x24000000   COMPRESSED   0x00000004   Data   RW          720    .data               main.o
    0x24000004   COMPRESSED   0x00000004   Data   RW          721    .data               main.o
    0x24000008   COMPRESSED   0x0000003c   Data   RW         1009    .data               freertos.o
    0x24000044   COMPRESSED   0x00000004   Data   RW         1218    .data               delay.o
    0x24000048   COMPRESSED   0x00000034   Data   RW         1347    .data               imu.o
    0x2400007c   COMPRESSED   0x0000000c   Data   RW         1891    .data               motor.o
    0x24000088   COMPRESSED   0x00000002   Data   RW         2009    .data               pwm.o
    0x2400008a   COMPRESSED   0x00000008   Data   RW         2010    .data               pwm.o
    0x24000092   COMPRESSED   0x00000002   Data   RW         2170    .data               read_aux_data_mode.o
    0x24000094   COMPRESSED   0x00000014   Data   RW         2718    .data               uart_fifo.o
    0x240000a8   COMPRESSED   0x0000000c   Data   RW         4410    .data               stm32h7xx_hal.o
    0x240000b4   COMPRESSED   0x00000008   Data   RW         8035    .data               system_stm32h7xx.o
    0x240000bc   COMPRESSED   0x0000003c   Data   RW         8701    .data               tasks.o
    0x240000f8   COMPRESSED   0x00000014   Data   RW         9032    .data               timers.o
    0x2400010c   COMPRESSED   0x00000004   Data   RW         9253    .data               cmsis_os2.o
    0x24000110   COMPRESSED   0x00000020   Data   RW         9694    .data               heap_4.o
    0x24000130   COMPRESSED   0x0000000c   Data   RW         9750    .data               port.o
    0x2400013c   COMPRESSED   0x00000004   Data   RW        10693    .data               mc_w.l(stdout.o)
    0x24000140   COMPRESSED   0x00000004   Data   RW        10703    .data               mc_w.l(errno.o)
    0x24000144        -       0x00000044   Zero   RW           20    .bss                car_attitude.o
    0x24000188        -       0x00000088   Zero   RW          251    .bss                car_control.o
    0x24000210        -       0x0000001c   Zero   RW          707    .bss                main.o
    0x2400022c        -       0x0000000c   Zero   RW          708    .bss                main.o
    0x24000238        -       0x00000410   Zero   RW          854    .bss                oled_spi_v0.2.o
    0x24000648        -       0x00000200   Zero   RW          986    .bss                freertos.o
    0x24000848        -       0x0000006c   Zero   RW          987    .bss                freertos.o
    0x240008b4        -       0x00000400   Zero   RW          988    .bss                freertos.o
    0x24000cb4        -       0x0000006c   Zero   RW          989    .bss                freertos.o
    0x24000d20        -       0x00000400   Zero   RW          990    .bss                freertos.o
    0x24001120        -       0x0000006c   Zero   RW          991    .bss                freertos.o
    0x2400118c        -       0x00000200   Zero   RW          992    .bss                freertos.o
    0x2400138c        -       0x0000006c   Zero   RW          993    .bss                freertos.o
    0x240013f8        -       0x00000200   Zero   RW          994    .bss                freertos.o
    0x240015f8        -       0x0000006c   Zero   RW          995    .bss                freertos.o
    0x24001664        -       0x00000200   Zero   RW          996    .bss                freertos.o
    0x24001864        -       0x0000006c   Zero   RW          997    .bss                freertos.o
    0x240018d0        -       0x00000200   Zero   RW          998    .bss                freertos.o
    0x24001ad0        -       0x0000006c   Zero   RW          999    .bss                freertos.o
    0x24001b3c        -       0x00000200   Zero   RW         1000    .bss                freertos.o
    0x24001d3c        -       0x0000006c   Zero   RW         1001    .bss                freertos.o
    0x24001da8        -       0x00001000   Zero   RW         1002    .bss                freertos.o
    0x24002da8        -       0x0000006c   Zero   RW         1003    .bss                freertos.o
    0x24002e14        -       0x00000400   Zero   RW         1004    .bss                freertos.o
    0x24003214        -       0x0000006c   Zero   RW         1005    .bss                freertos.o
    0x24003280        -       0x00001c9c   Zero   RW         1341    .bss                imu.o
    0x24004f1c        -       0x00000050   Zero   RW         1661    .bss                keyboard.o
    0x24004f6c        -       0x00000180   Zero   RW         1890    .bss                motor.o
    0x240050ec        -       0x0001004c   Zero   RW         2053    .bss                quadspi.o
    0x24015138        -       0x00000048   Zero   RW         2169    .bss                read_aux_data_mode.o
    0x24015180        -       0x00000920   Zero   RW         2278    .bss                spi.o
    0x24015aa0        -       0x000001c8   Zero   RW         2628    .bss                tim.o
    0x24015c68        -       0x00000a82   Zero   RW         2717    .bss                uart_fifo.o
    0x240166ea   COMPRESSED   0x00000002   PAD
    0x240166ec        -       0x000002e4   Zero   RW         2776    .bss                usart.o
    0x240169d0        -       0x000004e4   Zero   RW         2843    .bss                usb_otg.o
    0x24016eb4        -       0x00000050   Zero   RW         8279    .bss                queue.o
    0x24016f04        -       0x000004c4   Zero   RW         8700    .bss                tasks.o
    0x240173c8        -       0x00000118   Zero   RW         9031    .bss                timers.o
    0x240174e0        -       0x000006d8   Zero   RW         9252    .bss                cmsis_os2.o
    0x24017bb8        -       0x00014000   Zero   RW         9693    .bss                heap_4.o
    0x2402bbb8        -       0x00000800   Zero   RW            1    STACK               startup_stm32h750xx.o


==============================================================================

Image component sizes


      Code (inc. data)   RO Data    RW Data    ZI Data      Debug   Object Name

         0          0          0          0          0      24364   arobot.o
       480        104          0          0         68    1355941   car_attitude.o
      1044         92          0          0        136       6566   car_control.o
       552         22          0          4       1752      73110   cmsis_os2.o
        98          8          0          4          0       2111   delay.o
         0          0          0          0          0      19632   event_groups.o
       646        144        578         60      11320      10723   freertos.o
       520         26          0          0          0       1223   gpio.o
       476         24          0         32      81920       5075   heap_4.o
      1908        138          0         52       7324      48810   imu.o
      1004          0          0          0          0      12832   inv_imu_driver.o
       356          0          0          0          0       5639   inv_imu_transport.o
       280         30         80          0         80       2168   keyboard.o
       138          0          0          0          0       3754   list.o
       536         42        880          8         40       7923   main.o
      1142        148          0         12        384      12084   motor.o
        12          4          0          0          0       1743   musicplayer.o
       678         22       2280          0       1040       6228   oled_spi_v0.2.o
       248         20          0          0          0       3586   pid.o
       790         84          0         12          0      11917   port.o
        36          4          0         10          0       1341   pwm.o
       728        110          0          0      65612       5199   quadspi.o
      1804         26          0          0         80      22527   queue.o
      1520        474          0          2         72       5740   read_aux_data_mode.o
       620         56          0          0       2336       6938   spi.o
        44         12        664          0       2048        872   startup_stm32h750xx.o
       248         48          0         12          0      24356   stm32h7xx_hal.o
       378         28          0          0          0      42751   stm32h7xx_hal_cortex.o
      1508         70          0          0          0       3903   stm32h7xx_hal_dma.o
       592         50          0          0          0       3672   stm32h7xx_hal_gpio.o
        36          4          0          0          0        894   stm32h7xx_hal_msp.o
       204          0          0          0          0       1747   stm32h7xx_hal_pcd.o
        40          6          0          0          0       1194   stm32h7xx_hal_pcd_ex.o
       100         10          0          0          0       1422   stm32h7xx_hal_pwr_ex.o
      1148         10          0          0          0       7167   stm32h7xx_hal_qspi.o
      2516        112          0          0          0       9039   stm32h7xx_hal_rcc.o
      3736        118          0          0          0       8009   stm32h7xx_hal_rcc_ex.o
      2036         26          0          0          0       7727   stm32h7xx_hal_spi.o
      2620        266          0          0          0      18797   stm32h7xx_hal_tim.o
       170         30          0          0          0       3288   stm32h7xx_hal_tim_ex.o
      4344        196         24          0          0      37496   stm32h7xx_hal_uart.o
       290          6         16          0          0       5666   stm32h7xx_hal_uart_ex.o
       236         50          0          0          0       5236   stm32h7xx_it.o
       826         20          0          0          0       7865   stm32h7xx_ll_usb.o
       276         48         16          8          0       2025   system_stm32h7xx.o
      2368        184          0         60       1220      29888   tasks.o
      1232        130          0          0        456       7964   tim.o
       972         84          0         20        280      30159   timers.o
       560        104          0         20       2690       3599   uart_fifo.o
      1240         94          0          0        740       5882   usart.o
       204         20          0          0       1252       1941   usb_otg.o

    ----------------------------------------------------------------------
     43608       3304       4576        316     180852    1929733   Object Totals
         0          0         32          0          0          0   (incl. Generated)
        68          0          6          0          2          0   (incl. Padding)

    ----------------------------------------------------------------------

      Code (inc. data)   RO Data    RW Data    ZI Data      Debug   Library Member Name

       520         88         80          0          0        252   asin.o
       528        110        152          0          0        348   atan.o
       456         64          0          0          0        188   atan2.o
        60         28          0          0          0        464   dunder.o
        24          0          0          0          0        124   fabs.o
        48          0          0          0          0        124   fpclassify.o
       112          0          0          0          0        116   poly.o
         0          0          8          0          0          0   qnan.o
       106          0          0          0          0        140   sqrt.o
        58          0          0          0          0          0   __dczerorl.o
         0          0          0          0          0          0   entry.o
         0          0          0          0          0          0   entry10a.o
         0          0          0          0          0          0   entry11a.o
         4          0          0          0          0          0   entry12b.o
         8          4          0          0          0          0   entry2.o
         4          0          0          0          0          0   entry5.o
         0          0          0          0          0          0   entry7b.o
         0          0          0          0          0          0   entry8b.o
         8          4          0          0          0          0   entry9a.o
        12          6          0          4          0         68   errno.o
        30          0          0          0          0          0   handlers.o
        36          8          0          0          0         68   init.o
         0          0          0          0          0          0   iusefp.o
        30          0          0          0          0         68   llshl.o
        36          0          0          0          0         68   llsshr.o
        32          0          0          0          0         68   llushr.o
        36          0          0          0          0         68   memcpya.o
        36          0          0          0          0        108   memseta.o
      2218         90          0          0          0        464   printfa.o
         0          0          0          4          0          0   stdout.o
        14          0          0          0          0         68   strlen.o
        44          0          0          0          0         80   uidiv.o
        98          0          0          0          0         92   uldiv.o
        48          0          0          0          0         68   cdrcmple.o
       334          0          0          0          0        148   dadd.o
       222          0          0          0          0        100   ddiv.o
       186          0          0          0          0        176   depilogue.o
        48          0          0          0          0         68   dfixul.o
       228          0          0          0          0         96   dmul.o

    ----------------------------------------------------------------------
      5636        402        240          8          0       3632   Library Totals
        12          0          0          0          0          0   (incl. Padding)

    ----------------------------------------------------------------------

      Code (inc. data)   RO Data    RW Data    ZI Data      Debug   Library Name

      1854        290        240          0          0       1756   m_wv.l
      2704        112          0          8          0       1220   mc_w.l
      1066          0          0          0          0        656   mf_w.l

    ----------------------------------------------------------------------
      5636        402        240          8          0       3632   Library Totals

    ----------------------------------------------------------------------

==============================================================================


      Code (inc. data)   RO Data    RW Data    ZI Data      Debug   

     49244       3706       4816        324     180852    1900465   Grand Totals
     49244       3706       4816         24     180852    1900465   ELF Image Totals (compressed)
     49244       3706       4816         24          0          0   ROM Totals

==============================================================================

    Total RO  Size (Code + RO Data)                54060 (  52.79kB)
    Total RW  Size (RW Data + ZI Data)            181176 ( 176.93kB)
    Total ROM Size (Code + RO Data + RW Data)      54084 (  52.82kB)

==============================================================================

